Archive member included to satisfy reference by file (symbol)

d:\Git\JugglingBalls\build/core\core.a(cortex_handlers.c.o)
                              (Reset_Handler)
d:\Git\JugglingBalls\build/core\core.a(delay.c.o)
                              d:\Git\JugglingBalls\build\libraries\Adafruit_MPU6050\Adafruit_MPU6050.cpp.o (millis)
d:\Git\JugglingBalls\build/core\core.a(hooks.c.o)
                              d:\Git\JugglingBalls\build/core\core.a(delay.c.o) (yield)
d:\Git\JugglingBalls\build/core\core.a(startup.c.o)
                              d:\Git\JugglingBalls\build/core\core.a(cortex_handlers.c.o) (SystemInit)
d:\Git\JugglingBalls\build/core\core.a(wiring.c.o)
                              d:\Git\JugglingBalls\build/core\core.a(startup.c.o) (SystemCoreClock)
d:\Git\JugglingBalls\build/core\core.a(wiring_analog.c.o)
                              d:\Git\JugglingBalls\build/core\core.a(wiring.c.o) (analogReference)
d:\Git\JugglingBalls\build/core\core.a(wiring_digital.c.o)
                              d:\Git\JugglingBalls\build\sketch\Sosuke_01.ino.ino.cpp.o (pinMode)
d:\Git\JugglingBalls\build/core\core.a(wiring_private.c.o)
                              d:\Git\JugglingBalls\build\libraries\Wire\Wire.cpp.o (pinPeripheral)
d:\Git\JugglingBalls\build/core\core.a(Print.cpp.o)
                              d:\Git\JugglingBalls\build\libraries\Adafruit_Unified_Sensor\Adafruit_Sensor.cpp.o (Print::print(__FlashStringHelper const*))
d:\Git\JugglingBalls\build/core\core.a(Reset.cpp.o)
                              d:\Git\JugglingBalls\build/core\core.a(delay.c.o) (tickReset)
d:\Git\JugglingBalls\build/core\core.a(SERCOM.cpp.o)
                              d:\Git\JugglingBalls\build\core\variant.cpp.o (SERCOM::SERCOM(Sercom*))
d:\Git\JugglingBalls\build/core\core.a(CDC.cpp.o)
                              d:\Git\JugglingBalls\build\sketch\Sosuke_01.ino.ino.cpp.o (Serial_::begin(unsigned long))
d:\Git\JugglingBalls\build/core\core.a(USBCore.cpp.o)
                              d:\Git\JugglingBalls\build/core\core.a(CDC.cpp.o) (USBDeviceClass::available(unsigned long))
d:\Git\JugglingBalls\build/core\core.a(Uart.cpp.o)
                              d:\Git\JugglingBalls\build\core\variant.cpp.o (Uart::Uart(SERCOM*, unsigned char, unsigned char, SercomRXPad, SercomUartTXPad))
d:\Git\JugglingBalls\build/core\core.a(abi.cpp.o)
                              d:\Git\JugglingBalls\build/core\core.a(Print.cpp.o) (__cxa_pure_virtual)
d:\Git\JugglingBalls\build/core\core.a(main.cpp.o)
                              c:/users/charles/appdata/local/arduino15/packages/adafruit/tools/arm-none-eabi-gcc/9-2019q4/bin/../lib/gcc/arm-none-eabi/9.2.1/../../../../arm-none-eabi/lib/thumb/v6-m/nofp/crt0.o (main)
d:\Git\JugglingBalls\build/core\core.a(new.cpp.o)
                              d:\Git\JugglingBalls\build\libraries\Adafruit_MPU6050\Adafruit_MPU6050.cpp.o (operator new(unsigned int))
d:\Git\JugglingBalls\build/core\core.a(PluggableUSB.cpp.o)
                              d:\Git\JugglingBalls\build/core\core.a(USBCore.cpp.o) (PluggableUSB_::getInterface(unsigned char*))
d:\Git\JugglingBalls\build/core\core.a(SAMD21_USBDevice.cpp.o)
                              d:\Git\JugglingBalls\build/core\core.a(USBCore.cpp.o) (USBDevice_SAMD21G18x::reset())
c:/users/charles/appdata/local/arduino15/packages/adafruit/tools/arm-none-eabi-gcc/9-2019q4/bin/../lib/gcc/arm-none-eabi/9.2.1/../../../../arm-none-eabi/lib/thumb/v6-m/nofp\libstdc++_nano.a(atexit_arm.o)
                              d:\Git\JugglingBalls\build\sketch\Sosuke_01.ino.ino.cpp.o (__aeabi_atexit)
c:/users/charles/appdata/local/arduino15/packages/adafruit/tools/arm-none-eabi-gcc/9-2019q4/bin/../lib/gcc/arm-none-eabi/9.2.1/../../../../arm-none-eabi/lib/thumb/v6-m/nofp\libm.a(lib_a-wf_sqrt.o)
                              d:\Git\JugglingBalls\build\sketch\Sosuke_01.ino.ino.cpp.o (sqrtf)
c:/users/charles/appdata/local/arduino15/packages/adafruit/tools/arm-none-eabi-gcc/9-2019q4/bin/../lib/gcc/arm-none-eabi/9.2.1/../../../../arm-none-eabi/lib/thumb/v6-m/nofp\libm.a(lib_a-ef_sqrt.o)
                              c:/users/charles/appdata/local/arduino15/packages/adafruit/tools/arm-none-eabi-gcc/9-2019q4/bin/../lib/gcc/arm-none-eabi/9.2.1/../../../../arm-none-eabi/lib/thumb/v6-m/nofp\libm.a(lib_a-wf_sqrt.o) (__ieee754_sqrtf)
c:/users/charles/appdata/local/arduino15/packages/adafruit/tools/arm-none-eabi-gcc/9-2019q4/bin/../lib/gcc/arm-none-eabi/9.2.1/../../../../arm-none-eabi/lib/thumb/v6-m/nofp\libm.a(lib_a-s_lib_ver.o)
                              c:/users/charles/appdata/local/arduino15/packages/adafruit/tools/arm-none-eabi-gcc/9-2019q4/bin/../lib/gcc/arm-none-eabi/9.2.1/../../../../arm-none-eabi/lib/thumb/v6-m/nofp\libm.a(lib_a-wf_sqrt.o) (__fdlib_version)
c:/users/charles/appdata/local/arduino15/packages/adafruit/tools/arm-none-eabi-gcc/9-2019q4/bin/../lib/gcc/arm-none-eabi/9.2.1/../../../../arm-none-eabi/lib/thumb/v6-m/nofp\libm.a(lib_a-s_matherr.o)
[...]
Memory Configuration

Name             Origin             Length             Attributes
FLASH            0x00002000         0x0003e000         xr
RAM              0x20000000         0x00008000         xrw
*default*        0x00000000         0xffffffff

Linker script and memory map

LOAD c:/users/charles/appdata/local/arduino15/packages/adafruit/tools/arm-none-eabi-gcc/9-2019q4/bin/../lib/gcc/arm-none-eabi/9.2.1/thumb/v6-m/nofp/crti.o
LOAD c:/users/charles/appdata/local/arduino15/packages/adafruit/tools/arm-none-eabi-gcc/9-2019q4/bin/../lib/gcc/arm-none-eabi/9.2.1/thumb/v6-m/nofp/crtbegin.o
LOAD c:/users/charles/appdata/local/arduino15/packages/adafruit/tools/arm-none-eabi-gcc/9-2019q4/bin/../lib/gcc/arm-none-eabi/9.2.1/../../../../arm-none-eabi/lib/thumb/v6-m/nofp/crt0.o
LOAD d:\Git\JugglingBalls\build\sketch\Sosuke_01.ino.ino.cpp.o
LOAD d:\Git\JugglingBalls\build\libraries\Adafruit_MPU6050\Adafruit_MPU6050.cpp.o
LOAD d:\Git\JugglingBalls\build\libraries\Adafruit_BusIO\Adafruit_BusIO_Register.cpp.o
LOAD d:\Git\JugglingBalls\build\libraries\Adafruit_BusIO\Adafruit_I2CDevice.cpp.o
LOAD d:\Git\JugglingBalls\build\libraries\Adafruit_BusIO\Adafruit_SPIDevice.cpp.o
LOAD d:\Git\JugglingBalls\build\libraries\Wire\Wire.cpp.o
LOAD d:\Git\JugglingBalls\build\libraries\SPI\SPI.cpp.o
LOAD d:\Git\JugglingBalls\build\libraries\Adafruit_ZeroDMA\Adafruit_ZeroDMA.cpp.o
LOAD d:\Git\JugglingBalls\build\libraries\Adafruit_Unified_Sensor\Adafruit_Sensor.cpp.o
LOAD d:\Git\JugglingBalls\build\libraries\Adafruit_NeoPixel\esp.c.o
LOAD d:\Git\JugglingBalls\build\libraries\Adafruit_NeoPixel\esp8266.c.o
LOAD d:\Git\JugglingBalls\build\libraries\Adafruit_NeoPixel\kendyte_k210.c.o
LOAD d:\Git\JugglingBalls\build\libraries\Adafruit_NeoPixel\Adafruit_NeoPixel.cpp.o
LOAD d:\Git\JugglingBalls\build\core\variant.cpp.o
START GROUP
LOAD C:\Users\Charles\AppData\Local\Arduino15\packages\adafruit\tools\CMSIS\5.4.0/CMSIS/Lib/GCC/\libarm_cortexM0l_math.a
LOAD d:\Git\JugglingBalls\build/core\core.a
END GROUP
LOAD c:/users/charles/appdata/local/arduino15/packages/adafruit/tools/arm-none-eabi-gcc/9-2019q4/bin/../lib/gcc/arm-none-eabi/9.2.1/../../../../arm-none-eabi/lib/thumb/v6-m/nofp\libstdc++_nano.a
LOAD c:/users/charles/appdata/local/arduino15/packages/adafruit/tools/arm-none-eabi-gcc/9-2019q4/bin/../lib/gcc/arm-none-eabi/9.2.1/../../../../arm-none-eabi/lib/thumb/v6-m/nofp\libm.a
START GROUP
LOAD c:/users/charles/appdata/local/arduino15/packages/adafruit/tools/arm-none-eabi-gcc/9-2019q4/bin/../lib/gcc/arm-none-eabi/9.2.1/thumb/v6-m/nofp\libgcc.a
LOAD c:/users/charles/appdata/local/arduino15/packages/adafruit/tools/arm-none-eabi-gcc/9-2019q4/bin/../lib/gcc/arm-none-eabi/9.2.1/../../../../arm-none-eabi/lib/thumb/v6-m/nofp\libc_nano.a
END GROUP
START GROUP
LOAD c:/users/charles/appdata/local/arduino15/packages/adafruit/tools/arm-none-eabi-gcc/9-2019q4/bin/../lib/gcc/arm-none-eabi/9.2.1/thumb/v6-m/nofp\libgcc.a
LOAD c:/users/charles/appdata/local/arduino15/packages/adafruit/tools/arm-none-eabi-gcc/9-2019q4/bin/../lib/gcc/arm-none-eabi/9.2.1/../../../../arm-none-eabi/lib/thumb/v6-m/nofp\libc_nano.a
LOAD c:/users/charles/appdata/local/arduino15/packages/adafruit/tools/arm-none-eabi-gcc/9-2019q4/bin/../lib/gcc/arm-none-eabi/9.2.1/../../../../arm-none-eabi/lib/thumb/v6-m/nofp\libnosys.a
END GROUP
START GROUP
LOAD c:/users/charles/appdata/local/arduino15/packages/adafruit/tools/arm-none-eabi-gcc/9-2019q4/bin/../lib/gcc/arm-none-eabi/9.2.1/thumb/v6-m/nofp\libgcc.a
LOAD c:/users/charles/appdata/local/arduino15/packages/adafruit/tools/arm-none-eabi-gcc/9-2019q4/bin/../lib/gcc/arm-none-eabi/9.2.1/../../../../arm-none-eabi/lib/thumb/v6-m/nofp\libc_nano.a
LOAD c:/users/charles/appdata/local/arduino15/packages/adafruit/tools/arm-none-eabi-gcc/9-2019q4/bin/../lib/gcc/arm-none-eabi/9.2.1/../../../../arm-none-eabi/lib/thumb/v6-m/nofp\libnosys.a
END GROUP
LOAD c:/users/charles/appdata/local/arduino15/packages/adafruit/tools/arm-none-eabi-gcc/9-2019q4/bin/../lib/gcc/arm-none-eabi/9.2.1/thumb/v6-m/nofp/crtend.o
LOAD c:/users/charles/appdata/local/arduino15/packages/adafruit/tools/arm-none-eabi-gcc/9-2019q4/bin/../lib/gcc/arm-none-eabi/9.2.1/thumb/v6-m/nofp/crtn.o

.text           0x00002000     0x85c8
 *(.isr_vector)
 .isr_vector    0x00002000       0xb4 d:\Git\JugglingBalls\build/core\core.a(cortex_handlers.c.o)
                0x00002000                exception_table
 *(.text*)
 .text          0x000020b4       0x48 c:/users/charles/appdata/local/arduino15/packages/adafruit/tools/arm-none-eabi-gcc/9-2019q4/bin/../lib/gcc/arm-none-eabi/9.2.1/thumb/v6-m/nofp/crtbegin.o
 .text.setup    0x000020fc       0x7c d:\Git\JugglingBalls\build\sketch\Sosuke_01.ino.ino.cpp.o
                0x000020fc                setup
 .text.loop     0x00002178      0x204 d:\Git\JugglingBalls\build\sketch\Sosuke_01.ino.ino.cpp.o
                0x00002178                loop
 .text.startup._GLOBAL__sub_I_mpu
                0x0000237c       0x44 d:\Git\JugglingBalls\build\sketch\Sosuke_01.ino.ino.cpp.o
 .text._ZN15Adafruit_Sensor15enableAutoRangeEb
                0x000023c0        0x2 d:\Git\JugglingBalls\build\libraries\Adafruit_MPU6050\Adafruit_MPU6050.cpp.o
                0x000023c0                Adafruit_Sensor::enableAutoRange(bool)
 .text._ZN21Adafruit_MPU6050_GyroD2Ev
                0x000023c2        0x2 d:\Git\JugglingBalls\build\libraries\Adafruit_MPU6050\Adafruit_MPU6050.cpp.o
                0x000023c2                Adafruit_MPU6050_Gyro::~Adafruit_MPU6050_Gyro()
                0x000023c2                Adafruit_MPU6050_Gyro::~Adafruit_MPU6050_Gyro()
 .text._ZN30Adafruit_MPU6050_AccelerometerD2Ev
                0x000023c4        0x2 d:\Git\JugglingBalls\build\libraries\Adafruit_MPU6050\Adafruit_MPU6050.cpp.o
                0x000023c4                Adafruit_MPU6050_Accelerometer::~Adafruit_MPU6050_Accelerometer()
                0x000023c4                Adafruit_MPU6050_Accelerometer::~Adafruit_MPU6050_Accelerometer()
 .text._ZN21Adafruit_MPU6050_TempD2Ev
                0x000023c6        0x2 d:\Git\JugglingBalls\build\libraries\Adafruit_MPU6050\Adafruit_MPU6050.cpp.o
                0x000023c6                Adafruit_MPU6050_Temp::~Adafruit_MPU6050_Temp()
                0x000023c6                Adafruit_MPU6050_Temp::~Adafruit_MPU6050_Temp()
 .text._ZN21Adafruit_MPU6050_TempD0Ev
                0x000023c8        0xc d:\Git\JugglingBalls\build\libraries\Adafruit_MPU6050\Adafruit_MPU6050.cpp.o
                0x000023c8                Adafruit_MPU6050_Temp::~Adafruit_MPU6050_Temp()
 .text._ZN30Adafruit_MPU6050_AccelerometerD0Ev
                0x000023d4        0xc d:\Git\JugglingBalls\build\libraries\Adafruit_MPU6050\Adafruit_MPU6050.cpp.o
                0x000023d4                Adafruit_MPU6050_Accelerometer::~Adafruit_MPU6050_Accelerometer()
 .text._ZN21Adafruit_MPU6050_GyroD0Ev
                0x000023e0        0xc d:\Git\JugglingBalls\build\libraries\Adafruit_MPU6050\Adafruit_MPU6050.cpp.o
                0x000023e0                Adafruit_MPU6050_Gyro::~Adafruit_MPU6050_Gyro()
 .text._ZN21Adafruit_MPU6050_Gyro9getSensorEP8sensor_t
                0x000023ec       0x4c d:\Git\JugglingBalls\build\libraries\Adafruit_MPU6050\Adafruit_MPU6050.cpp.o
                0x000023ec                Adafruit_MPU6050_Gyro::getSensor(sensor_t*)
 .text._ZN30Adafruit_MPU6050_Accelerometer9getSensorEP8sensor_t
                0x00002438       0x48 d:\Git\JugglingBalls\build\libraries\Adafruit_MPU6050\Adafruit_MPU6050.cpp.o
                0x00002438                Adafruit_MPU6050_Accelerometer::getSensor(sensor_t*)
 .text._ZN21Adafruit_MPU6050_Temp9getSensorEP8sensor_t
                0x00002480       0x4c d:\Git\JugglingBalls\build\libraries\Adafruit_MPU6050\Adafruit_MPU6050.cpp.o
                0x00002480                Adafruit_MPU6050_Temp::getSensor(sensor_t*)
 .text._ZN16Adafruit_MPU6050C2Ev
                0x000024cc       0x18 d:\Git\JugglingBalls\build\libraries\Adafruit_MPU6050\Adafruit_MPU6050.cpp.o
                0x000024cc                Adafruit_MPU6050::Adafruit_MPU6050()
                0x000024cc                Adafruit_MPU6050::Adafruit_MPU6050()
 .text._ZN16Adafruit_MPU6050D2Ev
                0x000024e4       0x40 d:\Git\JugglingBalls\build\libraries\Adafruit_MPU6050\Adafruit_MPU6050.cpp.o
                0x000024e4                Adafruit_MPU6050::~Adafruit_MPU6050()
                0x000024e4                Adafruit_MPU6050::~Adafruit_MPU6050()
 .text._ZN16Adafruit_MPU60505beginEhP7TwoWirel
                0x00002524       0x62 d:\Git\JugglingBalls\build\libraries\Adafruit_MPU6050\Adafruit_MPU6050.cpp.o
                0x00002524                Adafruit_MPU6050::begin(unsigned char, TwoWire*, long)
 .text._ZN16Adafruit_MPU60505resetEv
                0x00002586       0x68 d:\Git\JugglingBalls\build\libraries\Adafruit_MPU6050\Adafruit_MPU6050.cpp.o
                0x00002586                Adafruit_MPU6050::reset()
 .text._ZN16Adafruit_MPU605020setSampleRateDivisorEh
                0x000025ee       0x26 d:\Git\JugglingBalls\build\libraries\Adafruit_MPU6050\Adafruit_MPU6050.cpp.o
                0x000025ee                Adafruit_MPU6050::setSampleRateDivisor(unsigned char)
 .text._ZN16Adafruit_MPU605021getAccelerometerRangeEv
                0x00002614       0x2e d:\Git\JugglingBalls\build\libraries\Adafruit_MPU6050\Adafruit_MPU6050.cpp.o
                0x00002614                Adafruit_MPU6050::getAccelerometerRange()
 .text._ZN16Adafruit_MPU605021setAccelerometerRangeE21mpu6050_accel_range_t
                0x00002642       0x30 d:\Git\JugglingBalls\build\libraries\Adafruit_MPU6050\Adafruit_MPU6050.cpp.o
                0x00002642                Adafruit_MPU6050::setAccelerometerRange(mpu6050_accel_range_t)
 .text._ZN16Adafruit_MPU605012getGyroRangeEv
                0x00002672       0x2e d:\Git\JugglingBalls\build\libraries\Adafruit_MPU6050\Adafruit_MPU6050.cpp.o
                0x00002672                Adafruit_MPU6050::getGyroRange()
 .text._ZN16Adafruit_MPU605012setGyroRangeE20mpu6050_gyro_range_t
                0x000026a0       0x30 d:\Git\JugglingBalls\build\libraries\Adafruit_MPU6050\Adafruit_MPU6050.cpp.o
                0x000026a0                Adafruit_MPU6050::setGyroRange(mpu6050_gyro_range_t)
 .text._ZN16Adafruit_MPU605018setFilterBandwidthE19mpu6050_bandwidth_t
                0x000026d0       0x30 d:\Git\JugglingBalls\build\libraries\Adafruit_MPU6050\Adafruit_MPU6050.cpp.o
                0x000026d0                Adafruit_MPU6050::setFilterBandwidth(mpu6050_bandwidth_t)
 .text._ZN16Adafruit_MPU60505_initEl
                0x00002700       0xd8 d:\Git\JugglingBalls\build\libraries\Adafruit_MPU6050\Adafruit_MPU6050.cpp.o
                0x00002700                Adafruit_MPU6050::_init(long)
 .text._ZN16Adafruit_MPU60505_readEv
                0x000027d8      0x15c d:\Git\JugglingBalls\build\libraries\Adafruit_MPU6050\Adafruit_MPU6050.cpp.o
                0x000027d8                Adafruit_MPU6050::_read()
 .text._ZN16Adafruit_MPU605013fillTempEventEP15sensors_event_tm
                0x00002934       0x26 d:\Git\JugglingBalls\build\libraries\Adafruit_MPU6050\Adafruit_MPU6050.cpp.o
                0x00002934                Adafruit_MPU6050::fillTempEvent(sensors_event_t*, unsigned long)
 .text._ZN21Adafruit_MPU6050_Temp8getEventEP15sensors_event_t
                0x0000295a       0x20 d:\Git\JugglingBalls\build\libraries\Adafruit_MPU6050\Adafruit_MPU6050.cpp.o
                0x0000295a                Adafruit_MPU6050_Temp::getEvent(sensors_event_t*)
 *fill*         0x0000297a        0x2 
 .text._ZN16Adafruit_MPU605014fillAccelEventEP15sensors_event_tm
                0x0000297c       0x44 d:\Git\JugglingBalls\build\libraries\Adafruit_MPU6050\Adafruit_MPU6050.cpp.o
                0x0000297c                Adafruit_MPU6050::fillAccelEvent(sensors_event_t*, unsigned long)
 .text._ZN30Adafruit_MPU6050_Accelerometer8getEventEP15sensors_event_t
                0x000029c0       0x20 d:\Git\JugglingBalls\build\libraries\Adafruit_MPU6050\Adafruit_MPU6050.cpp.o
                0x000029c0                Adafruit_MPU6050_Accelerometer::getEvent(sensors_event_t*)
 .text._ZN16Adafruit_MPU605013fillGyroEventEP15sensors_event_tm
                0x000029e0       0x44 d:\Git\JugglingBalls\build\libraries\Adafruit_MPU6050\Adafruit_MPU6050.cpp.o
                0x000029e0                Adafruit_MPU6050::fillGyroEvent(sensors_event_t*, unsigned long)
 .text._ZN16Adafruit_MPU60508getEventEP15sensors_event_tS1_S1_
                0x00002a24       0x38 d:\Git\JugglingBalls\build\libraries\Adafruit_MPU6050\Adafruit_MPU6050.cpp.o
                0x00002a24                Adafruit_MPU6050::getEvent(sensors_event_t*, sensors_event_t*, sensors_event_t*)
 .text._ZN21Adafruit_MPU6050_Gyro8getEventEP15sensors_event_t
                0x00002a5c       0x20 d:\Git\JugglingBalls\build\libraries\Adafruit_MPU6050\Adafruit_MPU6050.cpp.o
                0x00002a5c                Adafruit_MPU6050_Gyro::getEvent(sensors_event_t*)
 .text._ZN23Adafruit_BusIO_RegisterC2EP18Adafruit_I2CDevicethhh
                0x00002a7c       0x1c d:\Git\JugglingBalls\build\libraries\Adafruit_BusIO\Adafruit_BusIO_Register.cpp.o
                0x00002a7c                Adafruit_BusIO_Register::Adafruit_BusIO_Register(Adafruit_I2CDevice*, unsigned short, unsigned char, unsigned char, unsigned char)
                0x00002a7c                Adafruit_BusIO_Register::Adafruit_BusIO_Register(Adafruit_I2CDevice*, unsigned short, unsigned char, unsigned char, unsigned char)
 .text._ZN23Adafruit_BusIO_Register5writeEPhh
                0x00002a98       0x78 d:\Git\JugglingBalls\build\libraries\Adafruit_BusIO\Adafruit_BusIO_Register.cpp.o
                0x00002a98                Adafruit_BusIO_Register::write(unsigned char*, unsigned char)
 .text._ZN23Adafruit_BusIO_Register5writeEmh
                0x00002b10       0x3e d:\Git\JugglingBalls\build\libraries\Adafruit_BusIO\Adafruit_BusIO_Register.cpp.o
                0x00002b10                Adafruit_BusIO_Register::write(unsigned long, unsigned char)
 .text._ZN23Adafruit_BusIO_Register4readEPhh
                0x00002b4e       0x7a d:\Git\JugglingBalls\build\libraries\Adafruit_BusIO\Adafruit_BusIO_Register.cpp.o
                0x00002b4e                Adafruit_BusIO_Register::read(unsigned char*, unsigned char)
 .text._ZN23Adafruit_BusIO_Register4readEv
                0x00002bc8       0x3a d:\Git\JugglingBalls\build\libraries\Adafruit_BusIO\Adafruit_BusIO_Register.cpp.o
                0x00002bc8                Adafruit_BusIO_Register::read()
 .text._ZN27Adafruit_BusIO_RegisterBitsC2EP23Adafruit_BusIO_Registerhh
                0x00002c02        0x8 d:\Git\JugglingBalls\build\libraries\Adafruit_BusIO\Adafruit_BusIO_Register.cpp.o
                0x00002c02                Adafruit_BusIO_RegisterBits::Adafruit_BusIO_RegisterBits(Adafruit_BusIO_Register*, unsigned char, unsigned char)
                0x00002c02                Adafruit_BusIO_RegisterBits::Adafruit_BusIO_RegisterBits(Adafruit_BusIO_Register*, unsigned char, unsigned char)
 .text._ZN27Adafruit_BusIO_RegisterBits4readEv
                0x00002c0a       0x1a d:\Git\JugglingBalls\build\libraries\Adafruit_BusIO\Adafruit_BusIO_Register.cpp.o
                0x00002c0a                Adafruit_BusIO_RegisterBits::read()
 .text._ZN27Adafruit_BusIO_RegisterBits5writeEm
                0x00002c24       0x2e d:\Git\JugglingBalls\build\libraries\Adafruit_BusIO\Adafruit_BusIO_Register.cpp.o
                0x00002c24                Adafruit_BusIO_RegisterBits::write(unsigned long)
 .text._ZN18Adafruit_I2CDeviceC2EhP7TwoWire
                0x00002c52        0xe d:\Git\JugglingBalls\build\libraries\Adafruit_BusIO\Adafruit_I2CDevice.cpp.o
                0x00002c52                Adafruit_I2CDevice::Adafruit_I2CDevice(unsigned char, TwoWire*)
                0x00002c52                Adafruit_I2CDevice::Adafruit_I2CDevice(unsigned char, TwoWire*)
 .text._ZN18Adafruit_I2CDevice8detectedEv
                0x00002c60       0x2c d:\Git\JugglingBalls\build\libraries\Adafruit_BusIO\Adafruit_I2CDevice.cpp.o
                0x00002c60                Adafruit_I2CDevice::detected()
 .text._ZN18Adafruit_I2CDevice5beginEb
                0x00002c8c       0x1c d:\Git\JugglingBalls\build\libraries\Adafruit_BusIO\Adafruit_I2CDevice.cpp.o
                0x00002c8c                Adafruit_I2CDevice::begin(bool)
 .text._ZN18Adafruit_I2CDevice5writeEPKhjbS1_j
                0x00002ca8       0x60 d:\Git\JugglingBalls\build\libraries\Adafruit_BusIO\Adafruit_I2CDevice.cpp.o
                0x00002ca8                Adafruit_I2CDevice::write(unsigned char const*, unsigned int, bool, unsigned char const*, unsigned int)
 .text._ZN18Adafruit_I2CDevice5_readEPhjb
                0x00002d08       0x32 d:\Git\JugglingBalls\build\libraries\Adafruit_BusIO\Adafruit_I2CDevice.cpp.o
                0x00002d08                Adafruit_I2CDevice::_read(unsigned char*, unsigned int, bool)
 .text._ZN18Adafruit_I2CDevice4readEPhjb
                0x00002d3a       0x3c d:\Git\JugglingBalls\build\libraries\Adafruit_BusIO\Adafruit_I2CDevice.cpp.o
                0x00002d3a                Adafruit_I2CDevice::read(unsigned char*, unsigned int, bool)
 .text._ZN18Adafruit_I2CDevice15write_then_readEPKhjPhjb
                0x00002d76       0x2a d:\Git\JugglingBalls\build\libraries\Adafruit_BusIO\Adafruit_I2CDevice.cpp.o
                0x00002d76                Adafruit_I2CDevice::write_then_read(unsigned char const*, unsigned int, unsigned char*, unsigned int, bool)
 .text._ZN18Adafruit_SPIDevice8transferEPhj
                0x00002da0      0x16c d:\Git\JugglingBalls\build\libraries\Adafruit_BusIO\Adafruit_SPIDevice.cpp.o
                0x00002da0                Adafruit_SPIDevice::transfer(unsigned char*, unsigned int)
 .text._ZN18Adafruit_SPIDevice8transferEh
                0x00002f0c       0x14 d:\Git\JugglingBalls\build\libraries\Adafruit_BusIO\Adafruit_SPIDevice.cpp.o
                0x00002f0c                Adafruit_SPIDevice::transfer(unsigned char)
 .text._ZN18Adafruit_SPIDevice5writeEPhjS0_j
                0x00002f20       0x62 d:\Git\JugglingBalls\build\libraries\Adafruit_BusIO\Adafruit_SPIDevice.cpp.o
                0x00002f20                Adafruit_SPIDevice::write(unsigned char*, unsigned int, unsigned char*, unsigned int)
 .text._ZN18Adafruit_SPIDevice15write_then_readEPhjS0_jh
                0x00002f82       0x6c d:\Git\JugglingBalls\build\libraries\Adafruit_BusIO\Adafruit_SPIDevice.cpp.o
                0x00002f82                Adafruit_SPIDevice::write_then_read(unsigned char*, unsigned int, unsigned char*, unsigned int, unsigned char)
 .text._ZN5Print17availableForWriteEv
                0x00002fee        0x4 d:\Git\JugglingBalls\build\libraries\Wire\Wire.cpp.o
                0x00002fee                Print::availableForWrite()
 .text._ZN7TwoWire5writeEPKhj
                0x00002ff2       0x24 d:\Git\JugglingBalls\build\libraries\Wire\Wire.cpp.o
                0x00002ff2                TwoWire::write(unsigned char const*, unsigned int)
 .text._ZN7TwoWire5flushEv
                0x00003016        0x2 d:\Git\JugglingBalls\build\libraries\Wire\Wire.cpp.o
                0x00003016                TwoWire::flush()
 .text._ZN7TwoWire4peekEv
                0x00003018       0x1a d:\Git\JugglingBalls\build\libraries\Wire\Wire.cpp.o
                0x00003018                TwoWire::peek()
 .text._ZN7TwoWire9availableEv
                0x00003032       0x12 d:\Git\JugglingBalls\build\libraries\Wire\Wire.cpp.o
                0x00003032                TwoWire::available()
 .text._ZN7TwoWireC2EP6SERCOMhh
                0x00003044       0x5c d:\Git\JugglingBalls\build\libraries\Wire\Wire.cpp.o
                0x00003044                TwoWire::TwoWire(SERCOM*, unsigned char, unsigned char)
                0x00003044                TwoWire::TwoWire(SERCOM*, unsigned char, unsigned char)
 .text._ZN7TwoWire5beginEv
                0x000030a0       0x40 d:\Git\JugglingBalls\build\libraries\Wire\Wire.cpp.o
                0x000030a0                TwoWire::begin()
 .text._ZN7TwoWire17beginTransmissionEh
                0x000030e0       0x16 d:\Git\JugglingBalls\build\libraries\Wire\Wire.cpp.o
                0x000030e0                TwoWire::beginTransmission(unsigned char)
 .text._ZN11RingBufferNILi256EE10store_charEh
                0x000030f6       0x1a d:\Git\JugglingBalls\build\libraries\Wire\Wire.cpp.o
                0x000030f6                RingBufferN<256>::store_char(unsigned char)
 .text._ZN7TwoWire11requestFromEhjb
                0x00003110       0x76 d:\Git\JugglingBalls\build\libraries\Wire\Wire.cpp.o
                0x00003110                TwoWire::requestFrom(unsigned char, unsigned int, bool)
 .text._ZN7TwoWire5writeEh
                0x00003186       0x2c d:\Git\JugglingBalls\build\libraries\Wire\Wire.cpp.o
                0x00003186                TwoWire::write(unsigned char)
 .text._ZN11RingBufferNILi256EE9read_charEv
                0x000031b2       0x20 d:\Git\JugglingBalls\build\libraries\Wire\Wire.cpp.o
                0x000031b2                RingBufferN<256>::read_char()
 .text._ZN7TwoWire15endTransmissionEb
                0x000031d2       0x70 d:\Git\JugglingBalls\build\libraries\Wire\Wire.cpp.o
                0x000031d2                TwoWire::endTransmission(bool)
 .text._ZN7TwoWire15endTransmissionEv
                0x00003242        0xa d:\Git\JugglingBalls\build\libraries\Wire\Wire.cpp.o
                0x00003242                TwoWire::endTransmission()
 .text._ZN7TwoWire4readEv
                0x0000324c        0xa d:\Git\JugglingBalls\build\libraries\Wire\Wire.cpp.o
                0x0000324c                TwoWire::read()
 .text._ZN7TwoWire9onServiceEv
                0x00003256      0x11c d:\Git\JugglingBalls\build\libraries\Wire\Wire.cpp.o
                0x00003256                TwoWire::onService()
 *fill*         0x00003372        0x2 
 .text.SERCOM2_Handler
                0x00003374       0x10 d:\Git\JugglingBalls\build\libraries\Wire\Wire.cpp.o
                0x00003374                SERCOM2_Handler
 .text.startup._GLOBAL__sub_I__ZN7TwoWireC2EP6SERCOMhh
                0x00003384       0x18 d:\Git\JugglingBalls\build\libraries\Wire\Wire.cpp.o
 .text._ZN8SPIClassC2EP6SERCOMhhh14SercomSpiTXPad11SercomRXPad
                0x0000339c       0x74 d:\Git\JugglingBalls\build\libraries\SPI\SPI.cpp.o
                0x0000339c                SPIClass::SPIClass(SERCOM*, unsigned char, unsigned char, unsigned char, SercomSpiTXPad, SercomRXPad)
                0x0000339c                SPIClass::SPIClass(SERCOM*, unsigned char, unsigned char, unsigned char, SercomSpiTXPad, SercomRXPad)
 .text._ZN8SPIClass6configE11SPISettings
                0x00003410       0x36 d:\Git\JugglingBalls\build\libraries\SPI\SPI.cpp.o
                0x00003410                SPIClass::config(SPISettings)
 *fill*         0x00003446        0x2 
 .text._ZN8SPIClass16beginTransactionE11SPISettings
                0x00003448       0x38 d:\Git\JugglingBalls\build\libraries\SPI\SPI.cpp.o
                0x00003448                SPIClass::beginTransaction(SPISettings)
 .text._ZN8SPIClass14endTransactionEv
                0x00003480       0x28 d:\Git\JugglingBalls\build\libraries\SPI\SPI.cpp.o
                0x00003480                SPIClass::endTransaction()
 .text._ZN8SPIClass8transferEh
                0x000034a8        0xa d:\Git\JugglingBalls\build\libraries\SPI\SPI.cpp.o
                0x000034a8                SPIClass::transfer(unsigned char)
 .text._ZN8SPIClass8transferEPvj
                0x000034b2       0x1c d:\Git\JugglingBalls\build\libraries\SPI\SPI.cpp.o
                0x000034b2                SPIClass::transfer(void*, unsigned int)
 *fill*         0x000034ce        0x2 
 .text.startup._GLOBAL__sub_I__ZN8SPIClassC2EP6SERCOMhhh14SercomSpiTXPad11SercomRXPad
                0x000034d0       0x38 d:\Git\JugglingBalls\build\libraries\SPI\SPI.cpp.o
 .text._ZL22cpu_irq_enter_criticalv
                0x00003508       0x2c d:\Git\JugglingBalls\build\libraries\Adafruit_ZeroDMA\Adafruit_ZeroDMA.cpp.o
 .text._ZL22cpu_irq_leave_criticalv
                0x00003534       0x2c d:\Git\JugglingBalls\build\libraries\Adafruit_ZeroDMA\Adafruit_ZeroDMA.cpp.o
 .text._ZN16Adafruit_ZeroDMAC2Ev
                0x00003560       0x20 d:\Git\JugglingBalls\build\libraries\Adafruit_ZeroDMA\Adafruit_ZeroDMA.cpp.o
                0x00003560                Adafruit_ZeroDMA::Adafruit_ZeroDMA()
                0x00003560                Adafruit_ZeroDMA::Adafruit_ZeroDMA()
 .text._ZN16Adafruit_ZeroDMA11_IRQhandlerEh
                0x00003580       0x44 d:\Git\JugglingBalls\build\libraries\Adafruit_ZeroDMA\Adafruit_ZeroDMA.cpp.o
                0x00003580                Adafruit_ZeroDMA::_IRQhandler(unsigned char)
 .text.DMAC_Handler
                0x000035c4       0x48 d:\Git\JugglingBalls\build\libraries\Adafruit_ZeroDMA\Adafruit_ZeroDMA.cpp.o
                0x000035c4                DMAC_Handler
 .text._ZN17Adafruit_NeoPixelD2Ev
                0x0000360c       0x1c d:\Git\JugglingBalls\build\libraries\Adafruit_NeoPixel\Adafruit_NeoPixel.cpp.o
                0x0000360c                Adafruit_NeoPixel::~Adafruit_NeoPixel()
                0x0000360c                Adafruit_NeoPixel::~Adafruit_NeoPixel()
 .text._ZN17Adafruit_NeoPixel5beginEv
                0x00003628       0x22 d:\Git\JugglingBalls\build\libraries\Adafruit_NeoPixel\Adafruit_NeoPixel.cpp.o
                0x00003628                Adafruit_NeoPixel::begin()
 .text._ZN17Adafruit_NeoPixel12updateLengthEt
                0x0000364a       0x3c d:\Git\JugglingBalls\build\libraries\Adafruit_NeoPixel\Adafruit_NeoPixel.cpp.o
                0x0000364a                Adafruit_NeoPixel::updateLength(unsigned short)
 .text._ZN17Adafruit_NeoPixel10updateTypeEt
                0x00003686       0x46 d:\Git\JugglingBalls\build\libraries\Adafruit_NeoPixel\Adafruit_NeoPixel.cpp.o
                0x00003686                Adafruit_NeoPixel::updateType(unsigned short)
 .text._ZN17Adafruit_NeoPixel4showEv
                0x000036cc      0x204 d:\Git\JugglingBalls\build\libraries\Adafruit_NeoPixel\Adafruit_NeoPixel.cpp.o
                0x000036cc                Adafruit_NeoPixel::show()
 .text._ZN17Adafruit_NeoPixel6setPinEt
                0x000038d0       0x34 d:\Git\JugglingBalls\build\libraries\Adafruit_NeoPixel\Adafruit_NeoPixel.cpp.o
                0x000038d0                Adafruit_NeoPixel::setPin(unsigned short)
 .text._ZN17Adafruit_NeoPixelC2Ettt
                0x00003904       0x2e d:\Git\JugglingBalls\build\libraries\Adafruit_NeoPixel\Adafruit_NeoPixel.cpp.o
                0x00003904                Adafruit_NeoPixel::Adafruit_NeoPixel(unsigned short, unsigned short, unsigned short)
                0x00003904                Adafruit_NeoPixel::Adafruit_NeoPixel(unsigned short, unsigned short, unsigned short)
 .text._ZN17Adafruit_NeoPixel13setPixelColorEtm
                0x00003932       0x6c d:\Git\JugglingBalls\build\libraries\Adafruit_NeoPixel\Adafruit_NeoPixel.cpp.o
                0x00003932                Adafruit_NeoPixel::setPixelColor(unsigned short, unsigned long)
 .text._ZN17Adafruit_NeoPixel5clearEv
                0x0000399e        0xe d:\Git\JugglingBalls\build\libraries\Adafruit_NeoPixel\Adafruit_NeoPixel.cpp.o
                0x0000399e                Adafruit_NeoPixel::clear()
 .text.SERCOM0_Handler
                0x000039ac       0x10 d:\Git\JugglingBalls\build\core\variant.cpp.o
                0x000039ac                SERCOM0_Handler
 .text.startup._GLOBAL__sub_I_g_APinDescription
                0x000039bc       0x5c d:\Git\JugglingBalls\build\core\variant.cpp.o
 .text.Dummy_Handler
                0x00003a18        0x2 d:\Git\JugglingBalls\build/core\core.a(cortex_handlers.c.o)
                0x00003a18                HardFault_Handler
                0x00003a18                AC_Handler
                0x00003a18                PendSV_Handler
                0x00003a18                NMI_Handler
                0x00003a18                TC7_Handler
                0x00003a18                SERCOM1_Handler
                0x00003a18                ADC_Handler
                0x00003a18                TCC1_Handler
                0x00003a18                TCC0_Handler
                0x00003a18                RTC_Handler
                0x00003a18                EIC_Handler
                0x00003a18                TC6_Handler
                0x00003a18                WDT_Handler
                0x00003a18                TC4_Handler
                0x00003a18                TC3_Handler
                0x00003a18                Dummy_Handler
                0x00003a18                PM_Handler
                0x00003a18                SERCOM5_Handler
                0x00003a18                SVC_Handler
                0x00003a18                TCC2_Handler
                0x00003a18                EVSYS_Handler
                0x00003a18                SERCOM3_Handler
                0x00003a18                SERCOM4_Handler
                0x00003a18                I2S_Handler
                0x00003a18                NVMCTRL_Handler
                0x00003a18                DAC_Handler
                0x00003a18                PTC_Handler
                0x00003a18                SYSCTRL_Handler
 *fill*         0x00003a1a        0x2 
 .text.USB_Handler
                0x00003a1c       0x14 d:\Git\JugglingBalls\build/core\core.a(cortex_handlers.c.o)
                0x00003a1c                USB_Handler
 .text.Reset_Handler
                0x00003a30       0x54 d:\Git\JugglingBalls\build/core\core.a(cortex_handlers.c.o)
                0x00003a30                Reset_Handler
 .text.SysTick_Handler
                0x00003a84       0x10 d:\Git\JugglingBalls\build/core\core.a(cortex_handlers.c.o)
                0x00003a84                SysTick_Handler
 .text.USB_SetHandler
                0x00003a94        0xc d:\Git\JugglingBalls\build/core\core.a(cortex_handlers.c.o)
                0x00003a94                USB_SetHandler
 .text.millis   0x00003aa0        0xc d:\Git\JugglingBalls\build/core\core.a(delay.c.o)
                0x00003aa0                millis
 .text.micros   0x00003aac       0x60 d:\Git\JugglingBalls\build/core\core.a(delay.c.o)
                0x00003aac                micros
 .text.delay    0x00003b0c       0x2c d:\Git\JugglingBalls\build/core\core.a(delay.c.o)
                0x00003b0c                delay
 .text.SysTick_DefaultHandler
                0x00003b38       0x14 d:\Git\JugglingBalls\build/core\core.a(delay.c.o)
                0x00003b38                SysTick_DefaultHandler
 .text.__empty  0x00003b4c        0x2 d:\Git\JugglingBalls\build/core\core.a(hooks.c.o)
                0x00003b4c                yield
 .text.__false  0x00003b4e        0x4 d:\Git\JugglingBalls\build/core\core.a(hooks.c.o)
                0x00003b4e                sysTickHook
 *fill*         0x00003b52        0x2 
 .text.SystemInit
                0x00003b54      0x194 d:\Git\JugglingBalls\build/core\core.a(startup.c.o)
                0x00003b54                SystemInit
 .text.init     0x00003ce8       0xe0 d:\Git\JugglingBalls\build/core\core.a(wiring.c.o)
                0x00003ce8                init
 .text.analogReference
                0x00003dc8       0x88 d:\Git\JugglingBalls\build/core\core.a(wiring_analog.c.o)
                0x00003dc8                analogReference
 .text.pinMode  0x00003e50       0x60 d:\Git\JugglingBalls\build/core\core.a(wiring_digital.c.o)
                0x00003e50                pinMode
 .text.digitalWrite
                0x00003eb0       0x58 d:\Git\JugglingBalls\build/core\core.a(wiring_digital.c.o)
                0x00003eb0                digitalWrite
 .text.pinPeripheral
                0x00003f08       0xbc d:\Git\JugglingBalls\build/core\core.a(wiring_private.c.o)
                0x00003f08                pinPeripheral
 .text._ZN5Print5writeEPKhj
                0x00003fc4       0x24 d:\Git\JugglingBalls\build/core\core.a(Print.cpp.o)
                0x00003fc4                Print::write(unsigned char const*, unsigned int)
 .text._ZN5Print5writeEPKc
                0x00003fe8       0x1c d:\Git\JugglingBalls\build/core\core.a(Print.cpp.o)
                0x00003fe8                Print::write(char const*)
 .text._ZN5Print5printEc
                0x00004004        0xa d:\Git\JugglingBalls\build/core\core.a(Print.cpp.o)
                0x00004004                Print::print(char)
 *fill*         0x0000400e        0x2 
 .text._ZN5Print7printlnEv
                0x00004010       0x10 d:\Git\JugglingBalls\build/core\core.a(Print.cpp.o)
                0x00004010                Print::println()
 .text._ZN5Print7printlnEPKc
                0x00004020       0x14 d:\Git\JugglingBalls\build/core\core.a(Print.cpp.o)
                0x00004020                Print::println(char const*)
 .text._ZN5Print11printNumberEmh
                0x00004034       0x50 d:\Git\JugglingBalls\build/core\core.a(Print.cpp.o)
                0x00004034                Print::printNumber(unsigned long, unsigned char)
 .text._ZN5Print10printFloatEdh
                0x00004084      0x168 d:\Git\JugglingBalls\build/core\core.a(Print.cpp.o)
                0x00004084                Print::printFloat(double, unsigned char)
 .text._ZN5Print7printlnEdi
                0x000041ec       0x1a d:\Git\JugglingBalls\build/core\core.a(Print.cpp.o)
                0x000041ec                Print::println(double, int)
 *fill*         0x00004206        0x2 
 .text.initiateReset
                0x00004208        0xc d:\Git\JugglingBalls\build/core\core.a(Reset.cpp.o)
                0x00004208                initiateReset
 .text.cancelReset
                0x00004214       0x10 d:\Git\JugglingBalls\build/core\core.a(Reset.cpp.o)
                0x00004214                cancelReset
 .text.tickReset
                0x00004224       0x64 d:\Git\JugglingBalls\build/core\core.a(Reset.cpp.o)
                0x00004224                tickReset
 .text._ZN6SERCOMC2EP6Sercom
                0x00004288        0x4 d:\Git\JugglingBalls\build/core\core.a(SERCOM.cpp.o)
                0x00004288                SERCOM::SERCOM(Sercom*)
                0x00004288                SERCOM::SERCOM(Sercom*)
 .text._ZN6SERCOM9initFrameE18SercomUartCharSize15SercomDataOrder16SercomParityMode19SercomNumberStopBit
                0x0000428c       0x3a d:\Git\JugglingBalls\build/core\core.a(SERCOM.cpp.o)
                0x0000428c                SERCOM::initFrame(SercomUartCharSize, SercomDataOrder, SercomParityMode, SercomNumberStopBit)
 .text._ZN6SERCOM8initPadsE15SercomUartTXPad11SercomRXPad
                0x000042c6       0x26 d:\Git\JugglingBalls\build/core\core.a(SERCOM.cpp.o)
                0x000042c6                SERCOM::initPads(SercomUartTXPad, SercomRXPad)
 .text._ZN6SERCOM9resetUARTEv
                0x000042ec       0x1a d:\Git\JugglingBalls\build/core\core.a(SERCOM.cpp.o)
                0x000042ec                SERCOM::resetUART()
 .text._ZN6SERCOM10enableUARTEv
                0x00004306       0x14 d:\Git\JugglingBalls\build/core\core.a(SERCOM.cpp.o)
                0x00004306                SERCOM::enableUART()
 .text._ZN6SERCOM9flushUARTEv
                0x0000431a       0x10 d:\Git\JugglingBalls\build/core\core.a(SERCOM.cpp.o)
                0x0000431a                SERCOM::flushUART()
 .text._ZN6SERCOM15clearStatusUARTEv
                0x0000432a        0x8 d:\Git\JugglingBalls\build/core\core.a(SERCOM.cpp.o)
                0x0000432a                SERCOM::clearStatusUART()
 .text._ZN6SERCOM17availableDataUARTEv
                0x00004332        0xa d:\Git\JugglingBalls\build/core\core.a(SERCOM.cpp.o)
                0x00004332                SERCOM::availableDataUART()
 .text._ZN6SERCOM11isUARTErrorEv
                0x0000433c        0x8 d:\Git\JugglingBalls\build/core\core.a(SERCOM.cpp.o)
                0x0000433c                SERCOM::isUARTError()
 .text._ZN6SERCOM20acknowledgeUARTErrorEv
                0x00004344        0xe d:\Git\JugglingBalls\build/core\core.a(SERCOM.cpp.o)
                0x00004344                SERCOM::acknowledgeUARTError()
 .text._ZN6SERCOM16isFrameErrorUARTEv
                0x00004352        0xa d:\Git\JugglingBalls\build/core\core.a(SERCOM.cpp.o)
                0x00004352                SERCOM::isFrameErrorUART()
 .text._ZN6SERCOM19clearFrameErrorUARTEv
                0x0000435c        0xc d:\Git\JugglingBalls\build/core\core.a(SERCOM.cpp.o)
                0x0000435c                SERCOM::clearFrameErrorUART()
 .text._ZN6SERCOM23isDataRegisterEmptyUARTEv
                0x00004368        0xa d:\Git\JugglingBalls\build/core\core.a(SERCOM.cpp.o)
                0x00004368                SERCOM::isDataRegisterEmptyUART()
 .text._ZN6SERCOM12readDataUARTEv
                0x00004372        0x8 d:\Git\JugglingBalls\build/core\core.a(SERCOM.cpp.o)
                0x00004372                SERCOM::readDataUART()
 .text._ZN6SERCOM13writeDataUARTEh
                0x0000437a       0x10 d:\Git\JugglingBalls\build/core\core.a(SERCOM.cpp.o)
                0x0000437a                SERCOM::writeDataUART(unsigned char)
 .text._ZN6SERCOM36enableDataRegisterEmptyInterruptUARTEv
                0x0000438a        0x8 d:\Git\JugglingBalls\build/core\core.a(SERCOM.cpp.o)
                0x0000438a                SERCOM::enableDataRegisterEmptyInterruptUART()
 .text._ZN6SERCOM37disableDataRegisterEmptyInterruptUARTEv
                0x00004392        0x8 d:\Git\JugglingBalls\build/core\core.a(SERCOM.cpp.o)
                0x00004392                SERCOM::disableDataRegisterEmptyInterruptUART()
 .text._ZN6SERCOM8resetSPIEv
                0x0000439a       0x1a d:\Git\JugglingBalls\build/core\core.a(SERCOM.cpp.o)
                0x0000439a                SERCOM::resetSPI()
 .text._ZN6SERCOM9enableSPIEv
                0x000043b4       0x14 d:\Git\JugglingBalls\build/core\core.a(SERCOM.cpp.o)
                0x000043b4                SERCOM::enableSPI()
 .text._ZN6SERCOM10disableSPIEv
                0x000043c8       0x12 d:\Git\JugglingBalls\build/core\core.a(SERCOM.cpp.o)
                0x000043c8                SERCOM::disableSPI()
 .text._ZN6SERCOM15transferDataSPIEh
                0x000043da       0x1a d:\Git\JugglingBalls\build/core\core.a(SERCOM.cpp.o)
                0x000043da                SERCOM::transferDataSPI(unsigned char)
 .text._ZN6SERCOM28calculateBaudrateSynchronousEm
                0x000043f4       0x1c d:\Git\JugglingBalls\build/core\core.a(SERCOM.cpp.o)
                0x000043f4                SERCOM::calculateBaudrateSynchronous(unsigned long)
 .text._ZN6SERCOM12initSPIClockE18SercomSpiClockModem
                0x00004410       0x26 d:\Git\JugglingBalls\build/core\core.a(SERCOM.cpp.o)
                0x00004410                SERCOM::initSPIClock(SercomSpiClockMode, unsigned long)
 .text._ZN6SERCOM9resetWIREEv
                0x00004436       0x1a d:\Git\JugglingBalls\build/core\core.a(SERCOM.cpp.o)
                0x00004436                SERCOM::resetWIRE()
 .text._ZN6SERCOM10enableWIREEv
                0x00004450       0x2a d:\Git\JugglingBalls\build/core\core.a(SERCOM.cpp.o)
                0x00004450                SERCOM::enableWIRE()
 .text._ZN6SERCOM18prepareNackBitWIREEv
                0x0000447a       0x10 d:\Git\JugglingBalls\build/core\core.a(SERCOM.cpp.o)
                0x0000447a                SERCOM::prepareNackBitWIRE()
 *fill*         0x0000448a        0x2 
 .text._ZN6SERCOM17prepareAckBitWIREEv
                0x0000448c       0x14 d:\Git\JugglingBalls\build/core\core.a(SERCOM.cpp.o)
                0x0000448c                SERCOM::prepareAckBitWIRE()
 .text._ZN6SERCOM22prepareCommandBitsWireEh
                0x000044a0       0x2c d:\Git\JugglingBalls\build/core\core.a(SERCOM.cpp.o)
                0x000044a0                SERCOM::prepareCommandBitsWire(unsigned char)
 .text._ZN6SERCOM21startTransmissionWIREEh23SercomWireReadWriteFlag
                0x000044cc       0x7c d:\Git\JugglingBalls\build/core\core.a(SERCOM.cpp.o)
                0x000044cc                SERCOM::startTransmissionWIRE(unsigned char, SercomWireReadWriteFlag)
 .text._ZN6SERCOM18sendDataMasterWIREEh
                0x00004548       0x26 d:\Git\JugglingBalls\build/core\core.a(SERCOM.cpp.o)
                0x00004548                SERCOM::sendDataMasterWIRE(unsigned char)
 .text._ZN6SERCOM17sendDataSlaveWIREEh
                0x0000456e       0x1e d:\Git\JugglingBalls\build/core\core.a(SERCOM.cpp.o)
                0x0000456e                SERCOM::sendDataSlaveWIRE(unsigned char)
 .text._ZN6SERCOM11isSlaveWIREEv
                0x0000458c       0x12 d:\Git\JugglingBalls\build/core\core.a(SERCOM.cpp.o)
                0x0000458c                SERCOM::isSlaveWIRE()
 .text._ZN6SERCOM15isDataReadyWIREEv
                0x0000459e        0xa d:\Git\JugglingBalls\build/core\core.a(SERCOM.cpp.o)
                0x0000459e                SERCOM::isDataReadyWIRE()
 .text._ZN6SERCOM18isStopDetectedWIREEv
                0x000045a8        0xa d:\Git\JugglingBalls\build/core\core.a(SERCOM.cpp.o)
                0x000045a8                SERCOM::isStopDetectedWIRE()
 .text._ZN6SERCOM21isRestartDetectedWIREEv
                0x000045b2        0xa d:\Git\JugglingBalls\build/core\core.a(SERCOM.cpp.o)
                0x000045b2                SERCOM::isRestartDetectedWIRE()
 .text._ZN6SERCOM14isAddressMatchEv
                0x000045bc        0xa d:\Git\JugglingBalls\build/core\core.a(SERCOM.cpp.o)
                0x000045bc                SERCOM::isAddressMatch()
 .text._ZN6SERCOM25isMasterReadOperationWIREEv
                0x000045c6        0xa d:\Git\JugglingBalls\build/core\core.a(SERCOM.cpp.o)
                0x000045c6                SERCOM::isMasterReadOperationWIRE()
 .text._ZN6SERCOM12readDataWIREEv
                0x000045d0       0x1a d:\Git\JugglingBalls\build/core\core.a(SERCOM.cpp.o)
                0x000045d0                SERCOM::readDataWIRE()
 *fill*         0x000045ea        0x2 
 .text._ZN6SERCOM14getSercomIndexEv
                0x000045ec       0x40 d:\Git\JugglingBalls\build/core\core.a(SERCOM.cpp.o)
                0x000045ec                SERCOM::getSercomIndex()
 .text._ZN6SERCOM13initClockNVICEv
                0x0000462c       0x90 d:\Git\JugglingBalls\build/core\core.a(SERCOM.cpp.o)
                0x0000462c                SERCOM::initClockNVIC()
 .text._ZN6SERCOM8initUARTE14SercomUartMode20SercomUartSampleRatem
                0x000046bc       0x6c d:\Git\JugglingBalls\build/core\core.a(SERCOM.cpp.o)
                0x000046bc                SERCOM::initUART(SercomUartMode, SercomUartSampleRate, unsigned long)
 .text._ZN6SERCOM7initSPIE14SercomSpiTXPad11SercomRXPad17SercomSpiCharSize15SercomDataOrder
                0x00004728       0x52 d:\Git\JugglingBalls\build/core\core.a(SERCOM.cpp.o)
                0x00004728                SERCOM::initSPI(SercomSpiTXPad, SercomRXPad, SercomSpiCharSize, SercomDataOrder)
 *fill*         0x0000477a        0x2 
 .text._ZN6SERCOM14initMasterWIREEm
                0x0000477c       0x54 d:\Git\JugglingBalls\build/core\core.a(SERCOM.cpp.o)
                0x0000477c                SERCOM::initMasterWIRE(unsigned long)
 .text._ZN7Serial_17availableForWriteEv
                0x000047d0        0x4 d:\Git\JugglingBalls\build/core\core.a(CDC.cpp.o)
                0x000047d0                Serial_::availableForWrite()
 .text._ZN7Serial_5writeEh
                0x000047d4       0x14 d:\Git\JugglingBalls\build/core\core.a(CDC.cpp.o)
                0x000047d4                Serial_::write(unsigned char)
 .text._ZN7Serial_9availableEv
                0x000047e8        0xc d:\Git\JugglingBalls\build/core\core.a(CDC.cpp.o)
                0x000047e8                Serial_::available()
 .text._ZN7Serial_5flushEv
                0x000047f4        0xc d:\Git\JugglingBalls\build/core\core.a(CDC.cpp.o)
                0x000047f4                Serial_::flush()
 .text._ZN7Serial_5writeEPKhj
                0x00004800       0x2c d:\Git\JugglingBalls\build/core\core.a(CDC.cpp.o)
                0x00004800                Serial_::write(unsigned char const*, unsigned int)
 .text._ZN7Serial_4peekEv
                0x0000482c       0x1c d:\Git\JugglingBalls\build/core\core.a(CDC.cpp.o)
                0x0000482c                Serial_::peek()
 .text._ZN7Serial_4readEv
                0x00004848       0x24 d:\Git\JugglingBalls\build/core\core.a(CDC.cpp.o)
                0x00004848                Serial_::read()
 .text._Z16CDC_GetInterfacePh
                0x0000486c       0x1c d:\Git\JugglingBalls\build/core\core.a(CDC.cpp.o)
                0x0000486c                CDC_GetInterface(unsigned char*)
 .text._Z9CDC_SetupR8USBSetup
                0x00004888       0x7c d:\Git\JugglingBalls\build/core\core.a(CDC.cpp.o)
                0x00004888                CDC_Setup(USBSetup&)
 .text._ZN7Serial_5beginEm
                0x00004904        0x2 d:\Git\JugglingBalls\build/core\core.a(CDC.cpp.o)
                0x00004904                Serial_::begin(unsigned long)
 *fill*         0x00004906        0x2 
 .text.startup._GLOBAL__sub_I__Z17_CDC_GetInterfacev
                0x00004908       0x28 d:\Git\JugglingBalls\build/core\core.a(CDC.cpp.o)
 .text._ZN26DoubleBufferedEPOutHandler4initEv
                0x00004930        0x2 d:\Git\JugglingBalls\build/core\core.a(USBCore.cpp.o)
                0x00004930                DoubleBufferedEPOutHandler::init()
 .text._ZL5utox8mPc
                0x00004932       0x26 d:\Git\JugglingBalls\build/core\core.a(USBCore.cpp.o)
 .text._ZN26DoubleBufferedEPOutHandlerD2Ev
                0x00004958       0x14 d:\Git\JugglingBalls\build/core\core.a(USBCore.cpp.o)
                0x00004958                DoubleBufferedEPOutHandler::~DoubleBufferedEPOutHandler()
                0x00004958                DoubleBufferedEPOutHandler::~DoubleBufferedEPOutHandler()
 .text._ZN26DoubleBufferedEPOutHandlerD0Ev
                0x0000496c       0x12 d:\Git\JugglingBalls\build/core\core.a(USBCore.cpp.o)
                0x0000496c                DoubleBufferedEPOutHandler::~DoubleBufferedEPOutHandler()
 *fill*         0x0000497e        0x2 
 .text._ZN14USBDeviceClass6initEPEmm.part.0
                0x00004980       0xe8 d:\Git\JugglingBalls\build/core\core.a(USBCore.cpp.o)
 .text._ZN7__GuardC2Ev
                0x00004a68        0xe d:\Git\JugglingBalls\build/core\core.a(USBCore.cpp.o)
                0x00004a68                __Guard::__Guard()
                0x00004a68                __Guard::__Guard()
 .text._ZN7__GuardD2Ev
                0x00004a76        0xe d:\Git\JugglingBalls\build/core\core.a(USBCore.cpp.o)
                0x00004a76                __Guard::~__Guard()
                0x00004a76                __Guard::~__Guard()
 .text._ZNK26DoubleBufferedEPOutHandler9availableEv
                0x00004a84       0x5e d:\Git\JugglingBalls\build/core\core.a(USBCore.cpp.o)
                0x00004a84                DoubleBufferedEPOutHandler::available() const
 *fill*         0x00004ae2        0x2 
 .text._ZN26DoubleBufferedEPOutHandler7releaseEv
                0x00004ae4       0x54 d:\Git\JugglingBalls\build/core\core.a(USBCore.cpp.o)
                0x00004ae4                DoubleBufferedEPOutHandler::release()
 .text._ZN26DoubleBufferedEPOutHandler4recvEPvm
                0x00004b38      0x11a d:\Git\JugglingBalls\build/core\core.a(USBCore.cpp.o)
                0x00004b38                DoubleBufferedEPOutHandler::recv(void*, unsigned long)
 .text._ZN26DoubleBufferedEPOutHandler14handleEndpointEv
                0x00004c52       0xc2 d:\Git\JugglingBalls\build/core\core.a(USBCore.cpp.o)
                0x00004c52                DoubleBufferedEPOutHandler::handleEndpoint()
 .text._ZN14USBDeviceClass14SendInterfacesEPm
                0x00004d14       0x2e d:\Git\JugglingBalls\build/core\core.a(USBCore.cpp.o)
                0x00004d14                USBDeviceClass::SendInterfaces(unsigned long*)
 *fill*         0x00004d42        0x2 
 .text._ZN14USBDeviceClass14handleEndpointEh
                0x00004d44       0x44 d:\Git\JugglingBalls\build/core\core.a(USBCore.cpp.o)
                0x00004d44                USBDeviceClass::handleEndpoint(unsigned char)
 .text._ZN14USBDeviceClass4initEv
                0x00004d88       0xf0 d:\Git\JugglingBalls\build/core\core.a(USBCore.cpp.o)
                0x00004d88                USBDeviceClass::init()
 .text._ZN14USBDeviceClass6attachEv
                0x00004e78       0x34 d:\Git\JugglingBalls\build/core\core.a(USBCore.cpp.o)
                0x00004e78                USBDeviceClass::attach()
 .text._ZN14USBDeviceClass10setAddressEm
                0x00004eac       0x44 d:\Git\JugglingBalls\build/core\core.a(USBCore.cpp.o)
                0x00004eac                USBDeviceClass::setAddress(unsigned long)
 .text._ZN14USBDeviceClass25handleClassInterfaceSetupER8USBSetup
                0x00004ef0       0x44 d:\Git\JugglingBalls\build/core\core.a(USBCore.cpp.o)
                0x00004ef0                USBDeviceClass::handleClassInterfaceSetup(USBSetup&)
 .text._ZN14USBDeviceClass6initEPEmm
                0x00004f34       0xec d:\Git\JugglingBalls\build/core\core.a(USBCore.cpp.o)
                0x00004f34                USBDeviceClass::initEP(unsigned long, unsigned long)
 .text._ZN14USBDeviceClass13initEndpointsEv
                0x00005020       0x24 d:\Git\JugglingBalls\build/core\core.a(USBCore.cpp.o)
                0x00005020                USBDeviceClass::initEndpoints()
 .text._ZN14USBDeviceClass9availableEm
                0x00005044       0x2c d:\Git\JugglingBalls\build/core\core.a(USBCore.cpp.o)
                0x00005044                USBDeviceClass::available(unsigned long)
 .text._ZN14USBDeviceClass5flushEm
                0x00005070       0x2c d:\Git\JugglingBalls\build/core\core.a(USBCore.cpp.o)
                0x00005070                USBDeviceClass::flush(unsigned long)
 .text._ZN14USBDeviceClass14armRecvCtrlOUTEm
                0x0000509c       0x5c d:\Git\JugglingBalls\build/core\core.a(USBCore.cpp.o)
                0x0000509c                USBDeviceClass::armRecvCtrlOUT(unsigned long)
 .text._ZN14USBDeviceClass11recvControlEPvm
                0x000050f8       0x3c d:\Git\JugglingBalls\build/core\core.a(USBCore.cpp.o)
                0x000050f8                USBDeviceClass::recvControl(void*, unsigned long)
 .text._ZN14USBDeviceClass7armRecvEm
                0x00005134       0x38 d:\Git\JugglingBalls\build/core\core.a(USBCore.cpp.o)
                0x00005134                USBDeviceClass::armRecv(unsigned long)
 .text._ZN14USBDeviceClass4recvEmPvm
                0x0000516c       0xd8 d:\Git\JugglingBalls\build/core\core.a(USBCore.cpp.o)
                0x0000516c                USBDeviceClass::recv(unsigned long, void*, unsigned long)
 .text._ZN14USBDeviceClass4recvEm
                0x00005244       0x1c d:\Git\JugglingBalls\build/core\core.a(USBCore.cpp.o)
                0x00005244                USBDeviceClass::recv(unsigned long)
 .text._ZN14USBDeviceClass4sendEmPKvm
                0x00005260      0x110 d:\Git\JugglingBalls\build/core\core.a(USBCore.cpp.o)
                0x00005260                USBDeviceClass::send(unsigned long, void const*, unsigned long)
 .text._ZN14USBDeviceClass7armSendEmPKvm
                0x00005370       0x48 d:\Git\JugglingBalls\build/core\core.a(USBCore.cpp.o)
                0x00005370                USBDeviceClass::armSend(unsigned long, void const*, unsigned long)
 .text._ZN14USBDeviceClass11sendControlEPKvm
                0x000053b8       0x54 d:\Git\JugglingBalls\build/core\core.a(USBCore.cpp.o)
                0x000053b8                USBDeviceClass::sendControl(void const*, unsigned long)
 .text._ZN14USBDeviceClass20sendStringDescriptorEPKhh
                0x0000540c       0x68 d:\Git\JugglingBalls\build/core\core.a(USBCore.cpp.o)
                0x0000540c                USBDeviceClass::sendStringDescriptor(unsigned char const*, unsigned char)
 .text._ZN14USBDeviceClass17sendConfigurationEm
                0x00005474       0x80 d:\Git\JugglingBalls\build/core\core.a(USBCore.cpp.o)
                0x00005474                USBDeviceClass::sendConfiguration(unsigned long)
 .text._ZN14USBDeviceClass14sendDescriptorER8USBSetup
                0x000054f4       0xe4 d:\Git\JugglingBalls\build/core\core.a(USBCore.cpp.o)
                0x000054f4                USBDeviceClass::sendDescriptor(USBSetup&)
 .text._ZN14USBDeviceClass19handleStandardSetupER8USBSetup
                0x000055d8      0x118 d:\Git\JugglingBalls\build/core\core.a(USBCore.cpp.o)
                0x000055d8                USBDeviceClass::handleStandardSetup(USBSetup&)
 .text._ZN14USBDeviceClass10ISRHandlerEv
                0x000056f0      0x150 d:\Git\JugglingBalls\build/core\core.a(USBCore.cpp.o)
                0x000056f0                USBDeviceClass::ISRHandler()
 .text.UDD_Handler
                0x00005840       0x10 d:\Git\JugglingBalls\build/core\core.a(USBCore.cpp.o)
                0x00005840                UDD_Handler
 .text.startup._GLOBAL__sub_I_usbd
                0x00005850       0x10 d:\Git\JugglingBalls\build/core\core.a(USBCore.cpp.o)
 .text._ZN4UartcvbEv
                0x00005860        0x4 d:\Git\JugglingBalls\build/core\core.a(Uart.cpp.o)
                0x00005860                Uart::operator bool()
 .text._ZN4Uart5beginEm
                0x00005864       0x10 d:\Git\JugglingBalls\build/core\core.a(Uart.cpp.o)
                0x00005864                Uart::begin(unsigned long)
 .text._ZN4Uart4peekEv
                0x00005874       0x1a d:\Git\JugglingBalls\build/core\core.a(Uart.cpp.o)
                0x00005874                Uart::peek()
 .text._ZN4Uart3endEv
                0x0000588e       0x20 d:\Git\JugglingBalls\build/core\core.a(Uart.cpp.o)
                0x0000588e                Uart::end()
 .text._ZN4Uart15extractCharSizeEt
                0x000058ae       0x28 d:\Git\JugglingBalls\build/core\core.a(Uart.cpp.o)
                0x000058ae                Uart::extractCharSize(unsigned short)
 .text._ZN4Uart13extractParityEt
                0x000058d6       0x14 d:\Git\JugglingBalls\build/core\core.a(Uart.cpp.o)
                0x000058d6                Uart::extractParity(unsigned short)
 *fill*         0x000058ea        0x2 
 .text._ZN4Uart5beginEmt
                0x000058ec       0xf8 d:\Git\JugglingBalls\build/core\core.a(Uart.cpp.o)
                0x000058ec                Uart::begin(unsigned long, unsigned short)
 .text._ZN11RingBufferNILi350EEC2Ev
                0x000059e4       0x1c d:\Git\JugglingBalls\build/core\core.a(Uart.cpp.o)
                0x000059e4                RingBufferN<350>::RingBufferN()
                0x000059e4                RingBufferN<350>::RingBufferN()
 .text._ZN4UartC2EP6SERCOMhh11SercomRXPad15SercomUartTXPad
                0x00005a00       0x70 d:\Git\JugglingBalls\build/core\core.a(Uart.cpp.o)
                0x00005a00                Uart::Uart(SERCOM*, unsigned char, unsigned char, SercomRXPad, SercomUartTXPad)
                0x00005a00                Uart::Uart(SERCOM*, unsigned char, unsigned char, SercomRXPad, SercomUartTXPad)
 .text._ZN11RingBufferNILi350EE9availableEv
                0x00005a70       0x12 d:\Git\JugglingBalls\build/core\core.a(Uart.cpp.o)
                0x00005a70                RingBufferN<350>::available()
 .text._ZN4Uart5flushEv
                0x00005a82       0x1a d:\Git\JugglingBalls\build/core\core.a(Uart.cpp.o)
                0x00005a82                Uart::flush()
 .text._ZN4Uart9availableEv
                0x00005a9c        0xa d:\Git\JugglingBalls\build/core\core.a(Uart.cpp.o)
                0x00005a9c                Uart::available()
 .text._ZN11RingBufferNILi350EE17availableForStoreEv
                0x00005aa6       0x22 d:\Git\JugglingBalls\build/core\core.a(Uart.cpp.o)
                0x00005aa6                RingBufferN<350>::availableForStore()
 .text._ZN4Uart17availableForWriteEv
                0x00005ac8        0xc d:\Git\JugglingBalls\build/core\core.a(Uart.cpp.o)
                0x00005ac8                Uart::availableForWrite()
 .text._ZN4Uart10IrqHandlerEv
                0x00005ad4       0xda d:\Git\JugglingBalls\build/core\core.a(Uart.cpp.o)
                0x00005ad4                Uart::IrqHandler()
 *fill*         0x00005bae        0x2 
 .text._ZN4Uart5writeEh
                0x00005bb0       0xc4 d:\Git\JugglingBalls\build/core\core.a(Uart.cpp.o)
                0x00005bb0                Uart::write(unsigned char)
 .text._ZN4Uart4readEv
                0x00005c74       0x52 d:\Git\JugglingBalls\build/core\core.a(Uart.cpp.o)
                0x00005c74                Uart::read()
 .text._Z11initVariantv
                0x00005cc6        0x2 d:\Git\JugglingBalls\build/core\core.a(main.cpp.o)
                0x00005cc6                initVariant()
 .text.startup.main
                0x00005cc8       0x44 d:\Git\JugglingBalls\build/core\core.a(main.cpp.o)
                0x00005cc8                main
 .text._Znwj    0x00005d0c        0x8 d:\Git\JugglingBalls\build/core\core.a(new.cpp.o)
                0x00005d0c                operator new(unsigned int)
 .text._ZdlPv   0x00005d14        0x8 d:\Git\JugglingBalls\build/core\core.a(new.cpp.o)
                0x00005d14                operator delete(void*)
 .text._ZN13PluggableUSB_12getInterfaceEPh
                0x00005d1c       0x28 d:\Git\JugglingBalls\build/core\core.a(PluggableUSB.cpp.o)
                0x00005d1c                PluggableUSB_::getInterface(unsigned char*)
 .text._ZN13PluggableUSB_13getDescriptorER8USBSetup
                0x00005d44       0x20 d:\Git\JugglingBalls\build/core\core.a(PluggableUSB.cpp.o)
                0x00005d44                PluggableUSB_::getDescriptor(USBSetup&)
 .text._ZN13PluggableUSB_5setupER8USBSetup
                0x00005d64       0x20 d:\Git\JugglingBalls\build/core\core.a(PluggableUSB.cpp.o)
                0x00005d64                PluggableUSB_::setup(USBSetup&)
 .text._Z12PluggableUSBv
                0x00005d84       0x28 d:\Git\JugglingBalls\build/core\core.a(PluggableUSB.cpp.o)
                0x00005d84                PluggableUSB()
 .text._ZN20USBDevice_SAMD21G18x5resetEv
                0x00005dac       0x2a d:\Git\JugglingBalls\build/core\core.a(SAMD21_USBDevice.cpp.o)
                0x00005dac                USBDevice_SAMD21G18x::reset()
 *fill*         0x00005dd6        0x2 
 .text._ZN20USBDevice_SAMD21G18x9calibrateEv
                0x00005dd8       0x60 d:\Git\JugglingBalls\build/core\core.a(SAMD21_USBDevice.cpp.o)
                0x00005dd8                USBDevice_SAMD21G18x::calibrate()
 .text.__aeabi_atexit
                0x00005e38        0xe c:/users/charles/appdata/local/arduino15/packages/adafruit/tools/arm-none-eabi-gcc/9-2019q4/bin/../lib/gcc/arm-none-eabi/9.2.1/../../../../arm-none-eabi/lib/thumb/v6-m/nofp\libstdc++_nano.a(atexit_arm.o)
                0x00005e38                __aeabi_atexit
 *fill*         0x00005e46        0x2 
 .text.sqrtf    0x00005e48       0xac c:/users/charles/appdata/local/arduino15/packages/adafruit/tools/arm-none-eabi-gcc/9-2019q4/bin/../lib/gcc/arm-none-eabi/9.2.1/../../../../arm-none-eabi/lib/thumb/v6-m/nofp\libm.a(lib_a-wf_sqrt.o)
                0x00005e48                sqrtf
 .text.__ieee754_sqrtf
                0x00005ef4       0xb0 c:/users/charles/appdata/local/arduino15/packages/adafruit/tools/arm-none-eabi-gcc/9-2019q4/bin/../lib/gcc/arm-none-eabi/9.2.1/../../../../arm-none-eabi/lib/thumb/v6-m/nofp\libm.a(lib_a-ef_sqrt.o)
                0x00005ef4                __ieee754_sqrtf
 .text.matherr  0x00005fa4        0x4 c:/users/charles/appdata/local/arduino15/packages/adafruit/tools/arm-none-eabi-gcc/9-2019q4/bin/../lib/gcc/arm-none-eabi/9.2.1/../../../../arm-none-eabi/lib/thumb/v6-m/nofp\libm.a(lib_a-s_matherr.o)
                0x00005fa4                matherr
 .text          0x00005fa8       0x14 c:/users/charles/appdata/local/arduino15/packages/adafruit/tools/arm-none-eabi-gcc/9-2019q4/bin/../lib/gcc/arm-none-eabi/9.2.1/thumb/v6-m/nofp\libgcc.a(_thumb1_case_uqi.o)
                0x00005fa8                __gnu_thumb1_case_uqi
 .text          0x00005fbc      0x114 c:/users/charles/appdata/local/arduino15/packages/adafruit/tools/arm-none-eabi-gcc/9-2019q4/bin/../lib/gcc/arm-none-eabi/9.2.1/thumb/v6-m/nofp\libgcc.a(_udivsi3.o)
                0x00005fbc                __aeabi_uidiv
                0x00005fbc                __udivsi3
                0x000060c8                __aeabi_uidivmod
 .text          0x000060d0        0x4 c:/users/charles/appdata/local/arduino15/packages/adafruit/tools/arm-none-eabi-gcc/9-2019q4/bin/../lib/gcc/arm-none-eabi/9.2.1/thumb/v6-m/nofp\libgcc.a(_dvmd_tls.o)
                0x000060d0                __aeabi_idiv0
                0x000060d0                __aeabi_ldiv0
 .text          0x000060d4       0x7c c:/users/charles/appdata/local/arduino15/packages/adafruit/tools/arm-none-eabi-gcc/9-2019q4/bin/../lib/gcc/arm-none-eabi/9.2.1/thumb/v6-m/nofp\libgcc.a(_arm_cmpdf2.o)
                0x000060d4                __aeabi_cdrcmple
                0x000060e4                __aeabi_cdcmple
                0x000060e4                __aeabi_cdcmpeq
                0x000060f4                __aeabi_dcmpeq
                0x00006100                __aeabi_dcmplt
                0x00006114                __aeabi_dcmple
                0x00006128                __aeabi_dcmpgt
                0x0000613c                __aeabi_dcmpge
 .text          0x00006150       0x74 c:/users/charles/appdata/local/arduino15/packages/adafruit/tools/arm-none-eabi-gcc/9-2019q4/bin/../lib/gcc/arm-none-eabi/9.2.1/thumb/v6-m/nofp\libgcc.a(_arm_cmpsf2.o)
                0x00006150                __aeabi_cfrcmple
                0x00006158                __aeabi_cfcmpeq
                0x00006158                __aeabi_cfcmple
                0x00006168                __aeabi_fcmpeq
                0x00006174                __aeabi_fcmplt
                0x00006188                __aeabi_fcmple
                0x0000619c                __aeabi_fcmpgt
                0x000061b0                __aeabi_fcmpge
 .text          0x000061c4       0x3c c:/users/charles/appdata/local/arduino15/packages/adafruit/tools/arm-none-eabi-gcc/9-2019q4/bin/../lib/gcc/arm-none-eabi/9.2.1/thumb/v6-m/nofp\libgcc.a(_fixunsdfsi.o)
                0x000061c4                __aeabi_d2uiz
                0x000061c4                __fixunsdfsi
 .text          0x00006200      0x338 c:/users/charles/appdata/local/arduino15/packages/adafruit/tools/arm-none-eabi-gcc/9-2019q4/bin/../lib/gcc/arm-none-eabi/9.2.1/thumb/v6-m/nofp\libgcc.a(addsf3.o)
                0x00006200                __aeabi_fadd
 .text          0x00006538      0x218 c:/users/charles/appdata/local/arduino15/packages/adafruit/tools/arm-none-eabi-gcc/9-2019q4/bin/../lib/gcc/arm-none-eabi/9.2.1/thumb/v6-m/nofp\libgcc.a(divsf3.o)
                0x00006538                __aeabi_fdiv
 .text          0x00006750       0x50 c:/users/charles/appdata/local/arduino15/packages/adafruit/tools/arm-none-eabi-gcc/9-2019q4/bin/../lib/gcc/arm-none-eabi/9.2.1/thumb/v6-m/nofp\libgcc.a(eqsf2.o)
                0x00006750                __eqsf2
                0x00006750                __nesf2
 .text          0x000067a0       0x98 c:/users/charles/appdata/local/arduino15/packages/adafruit/tools/arm-none-eabi-gcc/9-2019q4/bin/../lib/gcc/arm-none-eabi/9.2.1/thumb/v6-m/nofp\libgcc.a(gesf2.o)
                0x000067a0                __gesf2
                0x000067a0                __gtsf2
 .text          0x00006838       0x94 c:/users/charles/appdata/local/arduino15/packages/adafruit/tools/arm-none-eabi-gcc/9-2019q4/bin/../lib/gcc/arm-none-eabi/9.2.1/thumb/v6-m/nofp\libgcc.a(lesf2.o)
                0x00006838                __ltsf2
                0x00006838                __lesf2
 .text          0x000068cc      0x234 c:/users/charles/appdata/local/arduino15/packages/adafruit/tools/arm-none-eabi-gcc/9-2019q4/bin/../lib/gcc/arm-none-eabi/9.2.1/thumb/v6-m/nofp\libgcc.a(mulsf3.o)
                0x000068cc                __aeabi_fmul
 .text          0x00006b00      0x390 c:/users/charles/appdata/local/arduino15/packages/adafruit/tools/arm-none-eabi-gcc/9-2019q4/bin/../lib/gcc/arm-none-eabi/9.2.1/thumb/v6-m/nofp\libgcc.a(subsf3.o)
                0x00006b00                __aeabi_fsub
 .text          0x00006e90       0x2c c:/users/charles/appdata/local/arduino15/packages/adafruit/tools/arm-none-eabi-gcc/9-2019q4/bin/../lib/gcc/arm-none-eabi/9.2.1/thumb/v6-m/nofp\libgcc.a(unordsf2.o)
                0x00006e90                __aeabi_fcmpun
 .text          0x00006ebc       0x8c c:/users/charles/appdata/local/arduino15/packages/adafruit/tools/arm-none-eabi-gcc/9-2019q4/bin/../lib/gcc/arm-none-eabi/9.2.1/thumb/v6-m/nofp\libgcc.a(floatsisf.o)
                0x00006ebc                __aeabi_i2f
 .text          0x00006f48      0x6d4 c:/users/charles/appdata/local/arduino15/packages/adafruit/tools/arm-none-eabi-gcc/9-2019q4/bin/../lib/gcc/arm-none-eabi/9.2.1/thumb/v6-m/nofp\libgcc.a(adddf3.o)
                0x00006f48                __aeabi_dadd
 .text          0x0000761c      0x5d0 c:/users/charles/appdata/local/arduino15/packages/adafruit/tools/arm-none-eabi-gcc/9-2019q4/bin/../lib/gcc/arm-none-eabi/9.2.1/thumb/v6-m/nofp\libgcc.a(divdf3.o)
                0x0000761c                __aeabi_ddiv
 .text          0x00007bec       0x78 c:/users/charles/appdata/local/arduino15/packages/adafruit/tools/arm-none-eabi-gcc/9-2019q4/bin/../lib/gcc/arm-none-eabi/9.2.1/thumb/v6-m/nofp\libgcc.a(eqdf2.o)
                0x00007bec                __nedf2
                0x00007bec                __eqdf2
 .text          0x00007c64       0xe4 c:/users/charles/appdata/local/arduino15/packages/adafruit/tools/arm-none-eabi-gcc/9-2019q4/bin/../lib/gcc/arm-none-eabi/9.2.1/thumb/v6-m/nofp\libgcc.a(gedf2.o)
                0x00007c64                __gedf2
                0x00007c64                __gtdf2
 .text          0x00007d48       0xe0 c:/users/charles/appdata/local/arduino15/packages/adafruit/tools/arm-none-eabi-gcc/9-2019q4/bin/../lib/gcc/arm-none-eabi/9.2.1/thumb/v6-m/nofp\libgcc.a(ledf2.o)
                0x00007d48                __ledf2
                0x00007d48                __ltdf2
 .text          0x00007e28      0x4d8 c:/users/charles/appdata/local/arduino15/packages/adafruit/tools/arm-none-eabi-gcc/9-2019q4/bin/../lib/gcc/arm-none-eabi/9.2.1/thumb/v6-m/nofp\libgcc.a(muldf3.o)
                0x00007e28                __aeabi_dmul
 .text          0x00008300      0x724 c:/users/charles/appdata/local/arduino15/packages/adafruit/tools/arm-none-eabi-gcc/9-2019q4/bin/../lib/gcc/arm-none-eabi/9.2.1/thumb/v6-m/nofp\libgcc.a(subdf3.o)
                0x00008300                __aeabi_dsub
 .text          0x00008a24       0x3c c:/users/charles/appdata/local/arduino15/packages/adafruit/tools/arm-none-eabi-gcc/9-2019q4/bin/../lib/gcc/arm-none-eabi/9.2.1/thumb/v6-m/nofp\libgcc.a(unorddf2.o)
                0x00008a24                __aeabi_dcmpun
 .text          0x00008a60       0x6c c:/users/charles/appdata/local/arduino15/packages/adafruit/tools/arm-none-eabi-gcc/9-2019q4/bin/../lib/gcc/arm-none-eabi/9.2.1/thumb/v6-m/nofp\libgcc.a(fixdfsi.o)
                0x00008a60                __aeabi_d2iz
 .text          0x00008acc       0x60 c:/users/charles/appdata/local/arduino15/packages/adafruit/tools/arm-none-eabi-gcc/9-2019q4/bin/../lib/gcc/arm-none-eabi/9.2.1/thumb/v6-m/nofp\libgcc.a(floatsidf.o)
                0x00008acc                __aeabi_i2d
 .text          0x00008b2c       0x4c c:/users/charles/appdata/local/arduino15/packages/adafruit/tools/arm-none-eabi-gcc/9-2019q4/bin/../lib/gcc/arm-none-eabi/9.2.1/thumb/v6-m/nofp\libgcc.a(floatunsidf.o)
                0x00008b2c                __aeabi_ui2d
 .text          0x00008b78       0x90 c:/users/charles/appdata/local/arduino15/packages/adafruit/tools/arm-none-eabi-gcc/9-2019q4/bin/../lib/gcc/arm-none-eabi/9.2.1/thumb/v6-m/nofp\libgcc.a(extendsfdf2.o)
                0x00008b78                __aeabi_f2d
 .text          0x00008c08      0x110 c:/users/charles/appdata/local/arduino15/packages/adafruit/tools/arm-none-eabi-gcc/9-2019q4/bin/../lib/gcc/arm-none-eabi/9.2.1/thumb/v6-m/nofp\libgcc.a(truncdfsf2.o)
                0x00008c08                __aeabi_d2f
 .text          0x00008d18       0x3c c:/users/charles/appdata/local/arduino15/packages/adafruit/tools/arm-none-eabi-gcc/9-2019q4/bin/../lib/gcc/arm-none-eabi/9.2.1/thumb/v6-m/nofp\libgcc.a(_clzsi2.o)
                0x00008d18                __clzsi2
 .text.__assert_func
                0x00008d54       0x3c c:/users/charles/appdata/local/arduino15/packages/adafruit/tools/arm-none-eabi-gcc/9-2019q4/bin/../lib/gcc/arm-none-eabi/9.2.1/../../../../arm-none-eabi/lib/thumb/v6-m/nofp\libc_nano.a(lib_a-assert.o)
                0x00008d54                __assert_func
 .text.__cxa_atexit
                0x00008d90       0x1c c:/users/charles/appdata/local/arduino15/packages/adafruit/tools/arm-none-eabi-gcc/9-2019q4/bin/../lib/gcc/arm-none-eabi/9.2.1/../../../../arm-none-eabi/lib/thumb/v6-m/nofp\libc_nano.a(lib_a-cxa_atexit.o)
                0x00008d90                __cxa_atexit
 .text.__errno  0x00008dac        0xc c:/users/charles/appdata/local/arduino15/packages/adafruit/tools/arm-none-eabi-gcc/9-2019q4/bin/../lib/gcc/arm-none-eabi/9.2.1/../../../../arm-none-eabi/lib/thumb/v6-m/nofp\libc_nano.a(lib_a-errno.o)
                0x00008dac                __errno
 .text.fprintf  0x00008db8       0x20 c:/users/charles/appdata/local/arduino15/packages/adafruit/tools/arm-none-eabi-gcc/9-2019q4/bin/../lib/gcc/arm-none-eabi/9.2.1/../../../../arm-none-eabi/lib/thumb/v6-m/nofp\libc_nano.a(lib_a-fprintf.o)
                0x00008db8                fiprintf
                0x00008db8                fprintf
 .text.__libc_init_array
                0x00008dd8       0x48 c:/users/charles/appdata/local/arduino15/packages/adafruit/tools/arm-none-eabi-gcc/9-2019q4/bin/../lib/gcc/arm-none-eabi/9.2.1/../../../../arm-none-eabi/lib/thumb/v6-m/nofp\libc_nano.a(lib_a-init.o)
                0x00008dd8                __libc_init_array
 .text.malloc   0x00008e20       0x14 c:/users/charles/appdata/local/arduino15/packages/adafruit/tools/arm-none-eabi-gcc/9-2019q4/bin/../lib/gcc/arm-none-eabi/9.2.1/../../../../arm-none-eabi/lib/thumb/v6-m/nofp\libc_nano.a(lib_a-malloc.o)
                0x00008e20                malloc
 .text.free     0x00008e34       0x14 c:/users/charles/appdata/local/arduino15/packages/adafruit/tools/arm-none-eabi-gcc/9-2019q4/bin/../lib/gcc/arm-none-eabi/9.2.1/../../../../arm-none-eabi/lib/thumb/v6-m/nofp\libc_nano.a(lib_a-malloc.o)
                0x00008e34                free
 .text.memcpy   0x00008e48       0x12 c:/users/charles/appdata/local/arduino15/packages/adafruit/tools/arm-none-eabi-gcc/9-2019q4/bin/../lib/gcc/arm-none-eabi/9.2.1/../../../../arm-none-eabi/lib/thumb/v6-m/nofp\libc_nano.a(lib_a-memcpy-stub.o)
                0x00008e48                memcpy
 .text.memset   0x00008e5a       0x10 c:/users/charles/appdata/local/arduino15/packages/adafruit/tools/arm-none-eabi-gcc/9-2019q4/bin/../lib/gcc/arm-none-eabi/9.2.1/../../../../arm-none-eabi/lib/thumb/v6-m/nofp\libc_nano.a(lib_a-memset.o)
                0x00008e5a                memset
 *fill*         0x00008e6a        0x2 
 .text._free_r  0x00008e6c       0x94 c:/users/charles/appdata/local/arduino15/packages/adafruit/tools/arm-none-eabi-gcc/9-2019q4/bin/../lib/gcc/arm-none-eabi/9.2.1/../../../../arm-none-eabi/lib/thumb/v6-m/nofp\libc_nano.a(lib_a-nano-freer.o)
                0x00008e6c                _free_r
 .text._malloc_r
                0x00008f00       0xbc c:/users/charles/appdata/local/arduino15/packages/adafruit/tools/arm-none-eabi-gcc/9-2019q4/bin/../lib/gcc/arm-none-eabi/9.2.1/../../../../arm-none-eabi/lib/thumb/v6-m/nofp\libc_nano.a(lib_a-nano-mallocr.o)
                0x00008f00                _malloc_r
 .text.__sfputc_r
                0x00008fbc       0x2a c:/users/charles/appdata/local/arduino15/packages/adafruit/tools/arm-none-eabi-gcc/9-2019q4/bin/../lib/gcc/arm-none-eabi/9.2.1/../../../../arm-none-eabi/lib/thumb/v6-m/nofp\libc_nano.a(lib_a-nano-vfprintf.o)
 .text.__sfputs_r
                0x00008fe6       0x24 c:/users/charles/appdata/local/arduino15/packages/adafruit/tools/arm-none-eabi-gcc/9-2019q4/bin/../lib/gcc/arm-none-eabi/9.2.1/../../../../arm-none-eabi/lib/thumb/v6-m/nofp\libc_nano.a(lib_a-nano-vfprintf.o)
                0x00008fe6                __sfputs_r
 *fill*         0x0000900a        0x2 
 .text._vfprintf_r
                0x0000900c      0x274 c:/users/charles/appdata/local/arduino15/packages/adafruit/tools/arm-none-eabi-gcc/9-2019q4/bin/../lib/gcc/arm-none-eabi/9.2.1/../../../../arm-none-eabi/lib/thumb/v6-m/nofp\libc_nano.a(lib_a-nano-vfprintf.o)
                0x0000900c                _vfprintf_r
                0x0000900c                _vfiprintf_r
 .text._printf_common
                0x00009280       0xde c:/users/charles/appdata/local/arduino15/packages/adafruit/tools/arm-none-eabi-gcc/9-2019q4/bin/../lib/gcc/arm-none-eabi/9.2.1/../../../../arm-none-eabi/lib/thumb/v6-m/nofp\libc_nano.a(lib_a-nano-vfprintf_i.o)
                0x00009280                _printf_common
 *fill*         0x0000935e        0x2 
 .text._printf_i
                0x00009360      0x224 c:/users/charles/appdata/local/arduino15/packages/adafruit/tools/arm-none-eabi-gcc/9-2019q4/bin/../lib/gcc/arm-none-eabi/9.2.1/../../../../arm-none-eabi/lib/thumb/v6-m/nofp\libc_nano.a(lib_a-nano-vfprintf_i.o)
                0x00009360                _printf_i
 .text._sbrk_r  0x00009584       0x24 c:/users/charles/appdata/local/arduino15/packages/adafruit/tools/arm-none-eabi-gcc/9-2019q4/bin/../lib/gcc/arm-none-eabi/9.2.1/../../../../arm-none-eabi/lib/thumb/v6-m/nofp\libc_nano.a(lib_a-sbrkr.o)
                0x00009584                _sbrk_r
 .text          0x000095a8        0xe c:/users/charles/appdata/local/arduino15/packages/adafruit/tools/arm-none-eabi-gcc/9-2019q4/bin/../lib/gcc/arm-none-eabi/9.2.1/../../../../arm-none-eabi/lib/thumb/v6-m/nofp\libc_nano.a(lib_a-strlen.o)
                0x000095a8                strlen
 .text.strncpy  0x000095b6       0x28 c:/users/charles/appdata/local/arduino15/packages/adafruit/tools/arm-none-eabi-gcc/9-2019q4/bin/../lib/gcc/arm-none-eabi/9.2.1/../../../../arm-none-eabi/lib/thumb/v6-m/nofp\libc_nano.a(lib_a-strncpy.o)
                0x000095b6                strncpy
 *fill*         0x000095de        0x2 
 .text.__swbuf_r
                0x000095e0       0xac c:/users/charles/appdata/local/arduino15/packages/adafruit/tools/arm-none-eabi-gcc/9-2019q4/bin/../lib/gcc/arm-none-eabi/9.2.1/../../../../arm-none-eabi/lib/thumb/v6-m/nofp\libc_nano.a(lib_a-wbuf.o)
                0x000095e0                __swbuf_r
 .text.__swsetup_r
                0x0000968c       0xf0 c:/users/charles/appdata/local/arduino15/packages/adafruit/tools/arm-none-eabi-gcc/9-2019q4/bin/../lib/gcc/arm-none-eabi/9.2.1/../../../../arm-none-eabi/lib/thumb/v6-m/nofp\libc_nano.a(lib_a-wsetup.o)
                0x0000968c                __swsetup_r
 .text.abort    0x0000977c        0xe c:/users/charles/appdata/local/arduino15/packages/adafruit/tools/arm-none-eabi-gcc/9-2019q4/bin/../lib/gcc/arm-none-eabi/9.2.1/../../../../arm-none-eabi/lib/thumb/v6-m/nofp\libc_nano.a(lib_a-abort.o)
                0x0000977c                abort
 *fill*         0x0000978a        0x2 
 .text.__sflush_r
                0x0000978c      0x118 c:/users/charles/appdata/local/arduino15/packages/adafruit/tools/arm-none-eabi-gcc/9-2019q4/bin/../lib/gcc/arm-none-eabi/9.2.1/../../../../arm-none-eabi/lib/thumb/v6-m/nofp\libc_nano.a(lib_a-fflush.o)
                0x0000978c                __sflush_r
 .text._fflush_r
                0x000098a4       0x80 c:/users/charles/appdata/local/arduino15/packages/adafruit/tools/arm-none-eabi-gcc/9-2019q4/bin/../lib/gcc/arm-none-eabi/9.2.1/../../../../arm-none-eabi/lib/thumb/v6-m/nofp\libc_nano.a(lib_a-fflush.o)
                0x000098a4                _fflush_r
 .text.std      0x00009924       0x48 c:/users/charles/appdata/local/arduino15/packages/adafruit/tools/arm-none-eabi-gcc/9-2019q4/bin/../lib/gcc/arm-none-eabi/9.2.1/../../../../arm-none-eabi/lib/thumb/v6-m/nofp\libc_nano.a(lib_a-findfp.o)
 .text._cleanup_r
                0x0000996c       0x10 c:/users/charles/appdata/local/arduino15/packages/adafruit/tools/arm-none-eabi-gcc/9-2019q4/bin/../lib/gcc/arm-none-eabi/9.2.1/../../../../arm-none-eabi/lib/thumb/v6-m/nofp\libc_nano.a(lib_a-findfp.o)
                0x0000996c                _cleanup_r
 .text.__sfmoreglue
                0x0000997c       0x2c c:/users/charles/appdata/local/arduino15/packages/adafruit/tools/arm-none-eabi-gcc/9-2019q4/bin/../lib/gcc/arm-none-eabi/9.2.1/../../../../arm-none-eabi/lib/thumb/v6-m/nofp\libc_nano.a(lib_a-findfp.o)
                0x0000997c                __sfmoreglue
 .text.__sfp_lock_acquire
                0x000099a8       0x10 c:/users/charles/appdata/local/arduino15/packages/adafruit/tools/arm-none-eabi-gcc/9-2019q4/bin/../lib/gcc/arm-none-eabi/9.2.1/../../../../arm-none-eabi/lib/thumb/v6-m/nofp\libc_nano.a(lib_a-findfp.o)
                0x000099a8                __sfp_lock_acquire
 .text.__sfp_lock_release
                0x000099b8       0x10 c:/users/charles/appdata/local/arduino15/packages/adafruit/tools/arm-none-eabi-gcc/9-2019q4/bin/../lib/gcc/arm-none-eabi/9.2.1/../../../../arm-none-eabi/lib/thumb/v6-m/nofp\libc_nano.a(lib_a-findfp.o)
                0x000099b8                __sfp_lock_release
 .text.__sinit_lock_acquire
                0x000099c8       0x10 c:/users/charles/appdata/local/arduino15/packages/adafruit/tools/arm-none-eabi-gcc/9-2019q4/bin/../lib/gcc/arm-none-eabi/9.2.1/../../../../arm-none-eabi/lib/thumb/v6-m/nofp\libc_nano.a(lib_a-findfp.o)
                0x000099c8                __sinit_lock_acquire
 .text.__sinit_lock_release
                0x000099d8       0x10 c:/users/charles/appdata/local/arduino15/packages/adafruit/tools/arm-none-eabi-gcc/9-2019q4/bin/../lib/gcc/arm-none-eabi/9.2.1/../../../../arm-none-eabi/lib/thumb/v6-m/nofp\libc_nano.a(lib_a-findfp.o)
                0x000099d8                __sinit_lock_release
 .text.__sinit  0x000099e8       0x70 c:/users/charles/appdata/local/arduino15/packages/adafruit/tools/arm-none-eabi-gcc/9-2019q4/bin/../lib/gcc/arm-none-eabi/9.2.1/../../../../arm-none-eabi/lib/thumb/v6-m/nofp\libc_nano.a(lib_a-findfp.o)
                0x000099e8                __sinit
 .text.__sfp    0x00009a58       0x90 c:/users/charles/appdata/local/arduino15/packages/adafruit/tools/arm-none-eabi-gcc/9-2019q4/bin/../lib/gcc/arm-none-eabi/9.2.1/../../../../arm-none-eabi/lib/thumb/v6-m/nofp\libc_nano.a(lib_a-findfp.o)
                0x00009a58                __sfp
 .text._fwalk_reent
                0x00009ae8       0x40 c:/users/charles/appdata/local/arduino15/packages/adafruit/tools/arm-none-eabi-gcc/9-2019q4/bin/../lib/gcc/arm-none-eabi/9.2.1/../../../../arm-none-eabi/lib/thumb/v6-m/nofp\libc_nano.a(lib_a-fwalk.o)
                0x00009ae8                _fwalk_reent
 .text.__retarget_lock_init_recursive
                0x00009b28        0x2 c:/users/charles/appdata/local/arduino15/packages/adafruit/tools/arm-none-eabi-gcc/9-2019q4/bin/../lib/gcc/arm-none-eabi/9.2.1/../../../../arm-none-eabi/lib/thumb/v6-m/nofp\libc_nano.a(lib_a-lock.o)
                0x00009b28                __retarget_lock_init_recursive
 .text.__retarget_lock_acquire_recursive
                0x00009b2a        0x2 c:/users/charles/appdata/local/arduino15/packages/adafruit/tools/arm-none-eabi-gcc/9-2019q4/bin/../lib/gcc/arm-none-eabi/9.2.1/../../../../arm-none-eabi/lib/thumb/v6-m/nofp\libc_nano.a(lib_a-lock.o)
                0x00009b2a                __retarget_lock_acquire_recursive
 .text.__retarget_lock_release_recursive
                0x00009b2c        0x2 c:/users/charles/appdata/local/arduino15/packages/adafruit/tools/arm-none-eabi-gcc/9-2019q4/bin/../lib/gcc/arm-none-eabi/9.2.1/../../../../arm-none-eabi/lib/thumb/v6-m/nofp\libc_nano.a(lib_a-lock.o)
                0x00009b2c                __retarget_lock_release_recursive
 *fill*         0x00009b2e        0x2 
 .text.__swhatbuf_r
                0x00009b30       0x50 c:/users/charles/appdata/local/arduino15/packages/adafruit/tools/arm-none-eabi-gcc/9-2019q4/bin/../lib/gcc/arm-none-eabi/9.2.1/../../../../arm-none-eabi/lib/thumb/v6-m/nofp\libc_nano.a(lib_a-makebuf.o)
                0x00009b30                __swhatbuf_r
 .text.__smakebuf_r
                0x00009b80       0x88 c:/users/charles/appdata/local/arduino15/packages/adafruit/tools/arm-none-eabi-gcc/9-2019q4/bin/../lib/gcc/arm-none-eabi/9.2.1/../../../../arm-none-eabi/lib/thumb/v6-m/nofp\libc_nano.a(lib_a-makebuf.o)
                0x00009b80                __smakebuf_r
 .text.memchr   0x00009c08       0x16 c:/users/charles/appdata/local/arduino15/packages/adafruit/tools/arm-none-eabi-gcc/9-2019q4/bin/../lib/gcc/arm-none-eabi/9.2.1/../../../../arm-none-eabi/lib/thumb/v6-m/nofp\libc_nano.a(lib_a-memchr-stub.o)
                0x00009c08                memchr
 *fill*         0x00009c1e        0x2 
 .text.__malloc_lock
                0x00009c20       0x10 c:/users/charles/appdata/local/arduino15/packages/adafruit/tools/arm-none-eabi-gcc/9-2019q4/bin/../lib/gcc/arm-none-eabi/9.2.1/../../../../arm-none-eabi/lib/thumb/v6-m/nofp\libc_nano.a(lib_a-mlock.o)
                0x00009c20                __malloc_lock
 .text.__malloc_unlock
                0x00009c30       0x10 c:/users/charles/appdata/local/arduino15/packages/adafruit/tools/arm-none-eabi-gcc/9-2019q4/bin/../lib/gcc/arm-none-eabi/9.2.1/../../../../arm-none-eabi/lib/thumb/v6-m/nofp\libc_nano.a(lib_a-mlock.o)
                0x00009c30                __malloc_unlock
 .text._raise_r
                0x00009c40       0x54 c:/users/charles/appdata/local/arduino15/packages/adafruit/tools/arm-none-eabi-gcc/9-2019q4/bin/../lib/gcc/arm-none-eabi/9.2.1/../../../../arm-none-eabi/lib/thumb/v6-m/nofp\libc_nano.a(lib_a-signal.o)
                0x00009c40                _raise_r
 .text.raise    0x00009c94       0x14 c:/users/charles/appdata/local/arduino15/packages/adafruit/tools/arm-none-eabi-gcc/9-2019q4/bin/../lib/gcc/arm-none-eabi/9.2.1/../../../../arm-none-eabi/lib/thumb/v6-m/nofp\libc_nano.a(lib_a-signal.o)
                0x00009c94                raise
 .text._kill_r  0x00009ca8       0x24 c:/users/charles/appdata/local/arduino15/packages/adafruit/tools/arm-none-eabi-gcc/9-2019q4/bin/../lib/gcc/arm-none-eabi/9.2.1/../../../../arm-none-eabi/lib/thumb/v6-m/nofp\libc_nano.a(lib_a-signalr.o)
                0x00009ca8                _kill_r
 .text._getpid_r
                0x00009ccc        0x8 c:/users/charles/appdata/local/arduino15/packages/adafruit/tools/arm-none-eabi-gcc/9-2019q4/bin/../lib/gcc/arm-none-eabi/9.2.1/../../../../arm-none-eabi/lib/thumb/v6-m/nofp\libc_nano.a(lib_a-signalr.o)
                0x00009ccc                _getpid_r
 .text.__sread  0x00009cd4       0x28 c:/users/charles/appdata/local/arduino15/packages/adafruit/tools/arm-none-eabi-gcc/9-2019q4/bin/../lib/gcc/arm-none-eabi/9.2.1/../../../../arm-none-eabi/lib/thumb/v6-m/nofp\libc_nano.a(lib_a-stdio.o)
                0x00009cd4                __sread
 .text.__swrite
                0x00009cfc       0x38 c:/users/charles/appdata/local/arduino15/packages/adafruit/tools/arm-none-eabi-gcc/9-2019q4/bin/../lib/gcc/arm-none-eabi/9.2.1/../../../../arm-none-eabi/lib/thumb/v6-m/nofp\libc_nano.a(lib_a-stdio.o)
                0x00009cfc                __swrite
 .text.__sseek  0x00009d34       0x2c c:/users/charles/appdata/local/arduino15/packages/adafruit/tools/arm-none-eabi-gcc/9-2019q4/bin/../lib/gcc/arm-none-eabi/9.2.1/../../../../arm-none-eabi/lib/thumb/v6-m/nofp\libc_nano.a(lib_a-stdio.o)
                0x00009d34                __sseek
 .text.__sclose
                0x00009d60        0xc c:/users/charles/appdata/local/arduino15/packages/adafruit/tools/arm-none-eabi-gcc/9-2019q4/bin/../lib/gcc/arm-none-eabi/9.2.1/../../../../arm-none-eabi/lib/thumb/v6-m/nofp\libc_nano.a(lib_a-stdio.o)
                0x00009d60                __sclose
 .text._write_r
                0x00009d6c       0x28 c:/users/charles/appdata/local/arduino15/packages/adafruit/tools/arm-none-eabi-gcc/9-2019q4/bin/../lib/gcc/arm-none-eabi/9.2.1/../../../../arm-none-eabi/lib/thumb/v6-m/nofp\libc_nano.a(lib_a-writer.o)
                0x00009d6c                _write_r
 .text._close_r
                0x00009d94       0x24 c:/users/charles/appdata/local/arduino15/packages/adafruit/tools/arm-none-eabi-gcc/9-2019q4/bin/../lib/gcc/arm-none-eabi/9.2.1/../../../../arm-none-eabi/lib/thumb/v6-m/nofp\libc_nano.a(lib_a-closer.o)
                0x00009d94                _close_r
 .text._fstat_r
                0x00009db8       0x24 c:/users/charles/appdata/local/arduino15/packages/adafruit/tools/arm-none-eabi-gcc/9-2019q4/bin/../lib/gcc/arm-none-eabi/9.2.1/../../../../arm-none-eabi/lib/thumb/v6-m/nofp\libc_nano.a(lib_a-fstatr.o)
                0x00009db8                _fstat_r
 .text._isatty_r
                0x00009ddc       0x24 c:/users/charles/appdata/local/arduino15/packages/adafruit/tools/arm-none-eabi-gcc/9-2019q4/bin/../lib/gcc/arm-none-eabi/9.2.1/../../../../arm-none-eabi/lib/thumb/v6-m/nofp\libc_nano.a(lib_a-isattyr.o)
                0x00009ddc                _isatty_r
 .text._lseek_r
                0x00009e00       0x28 c:/users/charles/appdata/local/arduino15/packages/adafruit/tools/arm-none-eabi-gcc/9-2019q4/bin/../lib/gcc/arm-none-eabi/9.2.1/../../../../arm-none-eabi/lib/thumb/v6-m/nofp\libc_nano.a(lib_a-lseekr.o)
                0x00009e00                _lseek_r
 .text._read_r  0x00009e28       0x28 c:/users/charles/appdata/local/arduino15/packages/adafruit/tools/arm-none-eabi-gcc/9-2019q4/bin/../lib/gcc/arm-none-eabi/9.2.1/../../../../arm-none-eabi/lib/thumb/v6-m/nofp\libc_nano.a(lib_a-readr.o)
                0x00009e28                _read_r
 .text          0x00009e50       0x14 c:/users/charles/appdata/local/arduino15/packages/adafruit/tools/arm-none-eabi-gcc/9-2019q4/bin/../lib/gcc/arm-none-eabi/9.2.1/thumb/v6-m/nofp\libgcc.a(_thumb1_case_shi.o)
                0x00009e50                __gnu_thumb1_case_shi
 .text._close   0x00009e64       0x10 c:/users/charles/appdata/local/arduino15/packages/adafruit/tools/arm-none-eabi-gcc/9-2019q4/bin/../lib/gcc/arm-none-eabi/9.2.1/../../../../arm-none-eabi/lib/thumb/v6-m/nofp\libnosys.a(close.o)
                0x00009e64                _close
 .text._fstat   0x00009e74       0x10 c:/users/charles/appdata/local/arduino15/packages/adafruit/tools/arm-none-eabi-gcc/9-2019q4/bin/../lib/gcc/arm-none-eabi/9.2.1/../../../../arm-none-eabi/lib/thumb/v6-m/nofp\libnosys.a(fstat.o)
                0x00009e74                _fstat
 .text._getpid  0x00009e84       0x10 c:/users/charles/appdata/local/arduino15/packages/adafruit/tools/arm-none-eabi-gcc/9-2019q4/bin/../lib/gcc/arm-none-eabi/9.2.1/../../../../arm-none-eabi/lib/thumb/v6-m/nofp\libnosys.a(getpid.o)
                0x00009e84                _getpid
 .text._isatty  0x00009e94       0x10 c:/users/charles/appdata/local/arduino15/packages/adafruit/tools/arm-none-eabi-gcc/9-2019q4/bin/../lib/gcc/arm-none-eabi/9.2.1/../../../../arm-none-eabi/lib/thumb/v6-m/nofp\libnosys.a(isatty.o)
                0x00009e94                _isatty
 .text._kill    0x00009ea4       0x10 c:/users/charles/appdata/local/arduino15/packages/adafruit/tools/arm-none-eabi-gcc/9-2019q4/bin/../lib/gcc/arm-none-eabi/9.2.1/../../../../arm-none-eabi/lib/thumb/v6-m/nofp\libnosys.a(kill.o)
                0x00009ea4                _kill
 .text._lseek   0x00009eb4       0x10 c:/users/charles/appdata/local/arduino15/packages/adafruit/tools/arm-none-eabi-gcc/9-2019q4/bin/../lib/gcc/arm-none-eabi/9.2.1/../../../../arm-none-eabi/lib/thumb/v6-m/nofp\libnosys.a(lseek.o)
                0x00009eb4                _lseek
 .text._read    0x00009ec4       0x10 c:/users/charles/appdata/local/arduino15/packages/adafruit/tools/arm-none-eabi-gcc/9-2019q4/bin/../lib/gcc/arm-none-eabi/9.2.1/../../../../arm-none-eabi/lib/thumb/v6-m/nofp\libnosys.a(read.o)
                0x00009ec4                _read
 .text._sbrk    0x00009ed4       0x1c c:/users/charles/appdata/local/arduino15/packages/adafruit/tools/arm-none-eabi-gcc/9-2019q4/bin/../lib/gcc/arm-none-eabi/9.2.1/../../../../arm-none-eabi/lib/thumb/v6-m/nofp\libnosys.a(sbrk.o)
                0x00009ed4                _sbrk
 .text._write   0x00009ef0       0x10 c:/users/charles/appdata/local/arduino15/packages/adafruit/tools/arm-none-eabi-gcc/9-2019q4/bin/../lib/gcc/arm-none-eabi/9.2.1/../../../../arm-none-eabi/lib/thumb/v6-m/nofp\libnosys.a(write.o)
                0x00009ef0                _write
 .text._exit    0x00009f00        0x4 c:/users/charles/appdata/local/arduino15/packages/adafruit/tools/arm-none-eabi-gcc/9-2019q4/bin/../lib/gcc/arm-none-eabi/9.2.1/../../../../arm-none-eabi/lib/thumb/v6-m/nofp\libnosys.a(_exit.o)
                0x00009f00                _exit
 *(.init)
 .init          0x00009f04        0x4 c:/users/charles/appdata/local/arduino15/packages/adafruit/tools/arm-none-eabi-gcc/9-2019q4/bin/../lib/gcc/arm-none-eabi/9.2.1/thumb/v6-m/nofp/crti.o
                0x00009f04                _init
 .init          0x00009f08        0x8 c:/users/charles/appdata/local/arduino15/packages/adafruit/tools/arm-none-eabi-gcc/9-2019q4/bin/../lib/gcc/arm-none-eabi/9.2.1/thumb/v6-m/nofp/crtn.o
 *(.fini)
 .fini          0x00009f10        0x4 c:/users/charles/appdata/local/arduino15/packages/adafruit/tools/arm-none-eabi-gcc/9-2019q4/bin/../lib/gcc/arm-none-eabi/9.2.1/thumb/v6-m/nofp/crti.o
                0x00009f10                _fini
 .fini          0x00009f14        0x8 c:/users/charles/appdata/local/arduino15/packages/adafruit/tools/arm-none-eabi-gcc/9-2019q4/bin/../lib/gcc/arm-none-eabi/9.2.1/thumb/v6-m/nofp/crtn.o
 *crtbegin.o(.ctors)
 *crtbegin?.o(.ctors)
 *(EXCLUDE_FILE(*crtend.o *crtend?.o) .ctors)
 *(SORT_BY_NAME(.ctors.*))
 *(.ctors)
 *crtbegin.o(.dtors)
 *crtbegin?.o(.dtors)
 *(EXCLUDE_FILE(*crtend.o *crtend?.o) .dtors)
 *(SORT_BY_NAME(.dtors.*))
 *(.dtors)
 *(.rodata*)
 .rodata.setup.str1.1
                0x00009f1c       0x1c d:\Git\JugglingBalls\build\sketch\Sosuke_01.ino.ino.cpp.o
 .rodata._ZN21Adafruit_MPU6050_Gyro9getSensorEP8sensor_t.str1.1
                0x00009f38        0xa d:\Git\JugglingBalls\build\libraries\Adafruit_MPU6050\Adafruit_MPU6050.cpp.o
 .rodata._ZN30Adafruit_MPU6050_Accelerometer9getSensorEP8sensor_t.str1.1
                0x00009f42        0xa d:\Git\JugglingBalls\build\libraries\Adafruit_MPU6050\Adafruit_MPU6050.cpp.o
 .rodata._ZN21Adafruit_MPU6050_Temp9getSensorEP8sensor_t.str1.1
                0x00009f4c        0xa d:\Git\JugglingBalls\build\libraries\Adafruit_MPU6050\Adafruit_MPU6050.cpp.o
 *fill*         0x00009f56        0x2 
 .rodata._ZTV16Adafruit_MPU6050
                0x00009f58        0xc d:\Git\JugglingBalls\build\libraries\Adafruit_MPU6050\Adafruit_MPU6050.cpp.o
                0x00009f58                vtable for Adafruit_MPU6050
 .rodata._ZTV21Adafruit_MPU6050_Gyro
                0x00009f64       0x1c d:\Git\JugglingBalls\build\libraries\Adafruit_MPU6050\Adafruit_MPU6050.cpp.o
                0x00009f64                vtable for Adafruit_MPU6050_Gyro
 .rodata._ZTV21Adafruit_MPU6050_Temp
                0x00009f80       0x1c d:\Git\JugglingBalls\build\libraries\Adafruit_MPU6050\Adafruit_MPU6050.cpp.o
                0x00009f80                vtable for Adafruit_MPU6050_Temp
 .rodata._ZTV30Adafruit_MPU6050_Accelerometer
                0x00009f9c       0x1c d:\Git\JugglingBalls\build\libraries\Adafruit_MPU6050\Adafruit_MPU6050.cpp.o
                0x00009f9c                vtable for Adafruit_MPU6050_Accelerometer
 .rodata._ZTV7TwoWire
                0x00009fb8       0x24 d:\Git\JugglingBalls\build\libraries\Wire\Wire.cpp.o
                0x00009fb8                vtable for TwoWire
 .rodata._ZN8SPIClassC2EP6SERCOMhhh14SercomSpiTXPad11SercomRXPad.str1.1
                0x00009fdc       0xca d:\Git\JugglingBalls\build\libraries\SPI\SPI.cpp.o
 *fill*         0x0000a0a6        0x2 
 .rodata.g_APinDescription
                0x0000a0a8      0x228 d:\Git\JugglingBalls\build\core\variant.cpp.o
                0x0000a0a8                g_APinDescription
 .rodata._ZN5Print7printlnEv.str1.1
                0x0000a2d0        0x3 d:\Git\JugglingBalls\build/core\core.a(Print.cpp.o)
 .rodata._ZN5Print10printFloatEdh.str1.1
                0x0000a2d3        0xe d:\Git\JugglingBalls\build/core\core.a(Print.cpp.o)
 *fill*         0x0000a2e1        0x3 
 .rodata._ZL10sercomData
                0x0000a2e4       0x20 d:\Git\JugglingBalls\build/core\core.a(SERCOM.cpp.o)
 .rodata._ZTV7Serial_
                0x0000a304       0x24 d:\Git\JugglingBalls\build/core\core.a(CDC.cpp.o)
                0x0000a304                vtable for Serial_
 .rodata._ZN14USBDeviceClass19handleStandardSetupER8USBSetup.str1.1
                0x0000a328        0xe d:\Git\JugglingBalls\build/core\core.a(USBCore.cpp.o)
                                  0x1 (size before relaxing)
 .rodata._ZTV26DoubleBufferedEPOutHandler
                0x0000a328       0x20 d:\Git\JugglingBalls\build/core\core.a(USBCore.cpp.o)
                0x0000a328                vtable for DoubleBufferedEPOutHandler
 .rodata._ZL14STRING_PRODUCT
                0x0000a348        0xb d:\Git\JugglingBalls\build/core\core.a(USBCore.cpp.o)
 *fill*         0x0000a353        0x1 
 .rodata._ZL15STRING_LANGUAGE
                0x0000a354        0x4 d:\Git\JugglingBalls\build/core\core.a(USBCore.cpp.o)
 .rodata._ZL19STRING_MANUFACTURER
                0x0000a358        0x9 d:\Git\JugglingBalls\build/core\core.a(USBCore.cpp.o)
 .rodata._ZL21USB_DeviceDescriptorB
                0x0000a361       0x12 d:\Git\JugglingBalls\build/core\core.a(USBCore.cpp.o)
 *fill*         0x0000a373        0x1 
 .rodata._ZTV4Uart
                0x0000a374       0x34 d:\Git\JugglingBalls\build/core\core.a(Uart.cpp.o)
                0x0000a374                vtable for Uart
 .rodata.sqrtf.str1.4
                0x0000a3a8        0x6 c:/users/charles/appdata/local/arduino15/packages/adafruit/tools/arm-none-eabi-gcc/9-2019q4/bin/../lib/gcc/arm-none-eabi/9.2.1/../../../../arm-none-eabi/lib/thumb/v6-m/nofp\libm.a(lib_a-wf_sqrt.o)
 *fill*         0x0000a3ae        0x2 